04-24 12:48:50.191 16654 16683 I TestRunner: started: testEmptyEditText(com.example.lascosasquenovemos.vistaTest.PruebaUnitariasCrearTematica)
04-24 12:48:50.203 16654 16683 W Settings: Setting always_finish_activities has moved from android.provider.Settings.System to android.provider.Settings.Global, returning read-only value.
04-24 12:48:50.215   536   558 D EventSequenceValidator: inc AccIntentStartedEvents to 2
04-24 12:48:50.253   304  1262 D goldfish-address-space: claimShared: Ask to claim region [0x3f6594000 0x3f6ef9000]
04-24 12:48:50.258   536  2945 W InputReader: Device virtio_input_multi_touch_10 is associated with display ADISPLAY_ID_NONE.
04-24 12:48:50.258   536  2945 W InputReader: Device virtio_input_multi_touch_4 is associated with display ADISPLAY_ID_NONE.
04-24 12:48:50.258   536  2945 W InputReader: Device virtio_input_multi_touch_11 is associated with display ADISPLAY_ID_NONE.
04-24 12:48:50.259   536  2945 W InputReader: Device virtio_input_multi_touch_5 is associated with display ADISPLAY_ID_NONE.
04-24 12:48:50.259   536  2945 W InputReader: Device virtio_input_multi_touch_2 is associated with display ADISPLAY_ID_NONE.
04-24 12:48:50.259   536  2945 W InputReader: Device virtio_input_multi_touch_9 is associated with display ADISPLAY_ID_NONE.
04-24 12:48:50.259   536  2945 W InputReader: Device virtio_input_multi_touch_7 is associated with display ADISPLAY_ID_NONE.
04-24 12:48:50.259   536  2945 W InputReader: Device virtio_input_multi_touch_6 is associated with display ADISPLAY_ID_NONE.
04-24 12:48:50.259   536  2945 W InputReader: Device virtio_input_multi_touch_3 is associated with display ADISPLAY_ID_NONE.
04-24 12:48:50.259   536  2945 W InputReader: Device virtio_input_multi_touch_8 is associated with display ADISPLAY_ID_NONE.
04-24 12:48:50.259   536  2945 W InputReader: Device virtio_input_multi_touch_10 is associated with display ADISPLAY_ID_NONE.
04-24 12:48:50.259   536  2945 W InputReader: Device virtio_input_multi_touch_4 is associated with display ADISPLAY_ID_NONE.
04-24 12:48:50.260   536  2945 W InputReader: Device virtio_input_multi_touch_11 is associated with display ADISPLAY_ID_NONE.
04-24 12:48:50.260   536  2945 W InputReader: Device virtio_input_multi_touch_5 is associated with display ADISPLAY_ID_NONE.
04-24 12:48:50.260   536  2945 W InputReader: Device virtio_input_multi_touch_2 is associated with display ADISPLAY_ID_NONE.
04-24 12:48:50.260   536  2945 W InputReader: Device virtio_input_multi_touch_9 is associated with display ADISPLAY_ID_NONE.
04-24 12:48:50.260   536  2945 W InputReader: Device virtio_input_multi_touch_7 is associated with display ADISPLAY_ID_NONE.
04-24 12:48:50.260   536  2945 W InputReader: Device virtio_input_multi_touch_6 is associated with display ADISPLAY_ID_NONE.
04-24 12:48:50.260   536  2945 W InputReader: Device virtio_input_multi_touch_3 is associated with display ADISPLAY_ID_NONE.
04-24 12:48:50.260   536  2945 W InputReader: Device virtio_input_multi_touch_8 is associated with display ADISPLAY_ID_NONE.
04-24 12:48:50.278 16654 16654 D LifecycleMonitor: Lifecycle status change: androidx.test.core.app.InstrumentationActivityInvoker$BootstrapActivity@627b22c in: PRE_ON_CREATE
04-24 12:48:50.278 16654 16654 V ActivityScenario: Activity lifecycle changed event received but ignored because the intent does not match. startActivityIntent=Intent { act=android.intent.action.MAIN cat=[android.intent.category.LAUNCHER] cmp=com.example.lascosasquenovemos/.view.CrearTematicaVista }, activity.getIntent()=Intent { act=android.intent.action.MAIN cat=[android.intent.category.LAUNCHER] flg=0x10008000 cmp=com.example.lascosasquenovemos/androidx.test.core.app.InstrumentationActivityInvoker$BootstrapActivity (has extras) }, activity=androidx.test.core.app.InstrumentationActivityInvoker$BootstrapActivity@627b22c
04-24 12:48:50.280 16654 16680 V FA      : onActivityCreated
04-24 12:48:50.302 16654 16654 D LifecycleMonitor: Lifecycle status change: androidx.test.core.app.InstrumentationActivityInvoker$BootstrapActivity@627b22c in: CREATED
04-24 12:48:50.303 16654 16654 V ActivityScenario: Activity lifecycle changed event received but ignored because the intent does not match. startActivityIntent=Intent { act=android.intent.action.MAIN cat=[android.intent.category.LAUNCHER] cmp=com.example.lascosasquenovemos/.view.CrearTematicaVista }, activity.getIntent()=Intent { act=android.intent.action.MAIN cat=[android.intent.category.LAUNCHER] flg=0x10008000 cmp=com.example.lascosasquenovemos/androidx.test.core.app.InstrumentationActivityInvoker$BootstrapActivity (has extras) }, activity=androidx.test.core.app.InstrumentationActivityInvoker$BootstrapActivity@627b22c
04-24 12:48:50.314 16654 16654 D LifecycleMonitor: Lifecycle status change: androidx.test.core.app.InstrumentationActivityInvoker$BootstrapActivity@627b22c in: STARTED
04-24 12:48:50.315 16654 16654 V ActivityScenario: Activity lifecycle changed event received but ignored because the intent does not match. startActivityIntent=Intent { act=android.intent.action.MAIN cat=[android.intent.category.LAUNCHER] cmp=com.example.lascosasquenovemos/.view.CrearTematicaVista }, activity.getIntent()=Intent { act=android.intent.action.MAIN cat=[android.intent.category.LAUNCHER] flg=0x10008000 cmp=com.example.lascosasquenovemos/androidx.test.core.app.InstrumentationActivityInvoker$BootstrapActivity (has extras) }, activity=androidx.test.core.app.InstrumentationActivityInvoker$BootstrapActivity@627b22c
04-24 12:48:50.330 16654 16654 D LifecycleMonitor: Lifecycle status change: androidx.test.core.app.InstrumentationActivityInvoker$BootstrapActivity@627b22c in: RESUMED
04-24 12:48:50.330 16654 16654 V ActivityScenario: Activity lifecycle changed event received but ignored because the intent does not match. startActivityIntent=Intent { act=android.intent.action.MAIN cat=[android.intent.category.LAUNCHER] cmp=com.example.lascosasquenovemos/.view.CrearTematicaVista }, activity.getIntent()=Intent { act=android.intent.action.MAIN cat=[android.intent.category.LAUNCHER] flg=0x10008000 cmp=com.example.lascosasquenovemos/androidx.test.core.app.InstrumentationActivityInvoker$BootstrapActivity (has extras) }, activity=androidx.test.core.app.InstrumentationActivityInvoker$BootstrapActivity@627b22c
04-24 12:48:50.340 16654 16654 D LifecycleMonitor: Lifecycle status change: androidx.test.core.app.InstrumentationActivityInvoker$BootstrapActivity@627b22c in: PAUSED
04-24 12:48:50.341 16654 16654 V ActivityScenario: Activity lifecycle changed event received but ignored because the intent does not match. startActivityIntent=Intent { act=android.intent.action.MAIN cat=[android.intent.category.LAUNCHER] cmp=com.example.lascosasquenovemos/.view.CrearTematicaVista }, activity.getIntent()=Intent { act=android.intent.action.MAIN cat=[android.intent.category.LAUNCHER] flg=0x10008000 cmp=com.example.lascosasquenovemos/androidx.test.core.app.InstrumentationActivityInvoker$BootstrapActivity (has extras) }, activity=androidx.test.core.app.InstrumentationActivityInvoker$BootstrapActivity@627b22c
04-24 12:48:50.344   536  4479 W InputReader: Device virtio_input_multi_touch_10 is associated with display ADISPLAY_ID_NONE.
04-24 12:48:50.344   536  4479 W InputReader: Device virtio_input_multi_touch_4 is associated with display ADISPLAY_ID_NONE.
04-24 12:48:50.344   536  4479 W InputReader: Device virtio_input_multi_touch_11 is associated with display ADISPLAY_ID_NONE.
04-24 12:48:50.344   536  4479 W InputReader: Device virtio_input_multi_touch_5 is associated with display ADISPLAY_ID_NONE.
04-24 12:48:50.344   536  4479 W InputReader: Device virtio_input_multi_touch_2 is associated with display ADISPLAY_ID_NONE.
04-24 12:48:50.344   536  4479 W InputReader: Device virtio_input_multi_touch_9 is associated with display ADISPLAY_ID_NONE.
04-24 12:48:50.344   536  4479 W InputReader: Device virtio_input_multi_touch_7 is associated with display ADISPLAY_ID_NONE.
04-24 12:48:50.344   536  4479 W InputReader: Device virtio_input_multi_touch_6 is associated with display ADISPLAY_ID_NONE.
04-24 12:48:50.344   536  4479 W InputReader: Device virtio_input_multi_touch_3 is associated with display ADISPLAY_ID_NONE.
04-24 12:48:50.344   536  4479 W InputReader: Device virtio_input_multi_touch_8 is associated with display ADISPLAY_ID_NONE.
04-24 12:48:50.344   536  4479 W InputReader: Device virtio_input_multi_touch_10 is associated with display ADISPLAY_ID_NONE.
04-24 12:48:50.345   536  4479 W InputReader: Device virtio_input_multi_touch_4 is associated with display ADISPLAY_ID_NONE.
04-24 12:48:50.345   536  4479 W InputReader: Device virtio_input_multi_touch_11 is associated with display ADISPLAY_ID_NONE.
04-24 12:48:50.345   536  4479 W InputReader: Device virtio_input_multi_touch_5 is associated with display ADISPLAY_ID_NONE.
04-24 12:48:50.345   536  4479 W InputReader: Device virtio_input_multi_touch_2 is associated with display ADISPLAY_ID_NONE.
04-24 12:48:50.345   536  4479 W InputReader: Device virtio_input_multi_touch_9 is associated with display ADISPLAY_ID_NONE.
04-24 12:48:50.345   536  4479 W InputReader: Device virtio_input_multi_touch_7 is associated with display ADISPLAY_ID_NONE.
04-24 12:48:50.345   536  4479 W InputReader: Device virtio_input_multi_touch_6 is associated with display ADISPLAY_ID_NONE.
04-24 12:48:50.345   536  4479 W InputReader: Device virtio_input_multi_touch_3 is associated with display ADISPLAY_ID_NONE.
04-24 12:48:50.345   536  4479 W InputReader: Device virtio_input_multi_touch_8 is associated with display ADISPLAY_ID_NONE.
04-24 12:48:50.369 16654 16685 V FA      : Activity resumed, time: 57409046
04-24 12:48:50.398 16654 16654 D LifecycleMonitor: Lifecycle status change: com.example.lascosasquenovemos.view.CrearTematicaVista@6c1ac4 in: PRE_ON_CREATE
04-24 12:48:50.398 16654 16654 V ActivityScenario: Activity lifecycle changed event received but ignored because the reported transition was not ON_CREATE while the last known transition was PRE_ON_CREATE
04-24 12:48:50.403 16654 16680 V FA      : onActivityCreated
04-24 12:48:50.518   304  1262 D goldfish-address-space: claimShared: Ask to claim region [0x3f6ef9000 0x3f785e000]
04-24 12:48:50.526 16654 16654 D LifecycleMonitor: Lifecycle status change: com.example.lascosasquenovemos.view.CrearTematicaVista@6c1ac4 in: CREATED
04-24 12:48:50.527 16654 16654 V ActivityScenario: Update currentActivityStage to CREATED, currentActivity=com.example.lascosasquenovemos.view.CrearTematicaVista@6c1ac4
04-24 12:48:50.536 16654 16654 D LifecycleMonitor: Lifecycle status change: com.example.lascosasquenovemos.view.CrearTematicaVista@6c1ac4 in: STARTED
04-24 12:48:50.536 16654 16654 V ActivityScenario: Update currentActivityStage to STARTED, currentActivity=com.example.lascosasquenovemos.view.CrearTematicaVista@6c1ac4
04-24 12:48:50.541 16654 16654 D LifecycleMonitor: Lifecycle status change: com.example.lascosasquenovemos.view.CrearTematicaVista@6c1ac4 in: RESUMED
04-24 12:48:50.541 16654 16654 V ActivityScenario: Update currentActivityStage to RESUMED, currentActivity=com.example.lascosasquenovemos.view.CrearTematicaVista@6c1ac4
04-24 12:48:50.622   304  1262 D goldfish-address-space: claimShared: Ask to claim region [0x3f4965000 0x3f52ca000]
04-24 12:48:52.484   304  1262 D goldfish-address-space: claimShared: Ask to claim region [0x3f4000000 0x3f4965000]
04-24 12:48:52.486   304  1262 D goldfish-address-space: claimShared: Ask to claim region [0x3f52ca000 0x3f5c2f000]
04-24 12:48:52.496   536   559 I Choreographer: Skipped 120 frames!  The application may be doing too much work on its main thread.
04-24 12:48:52.501 16654 16685 V FA      : Logging event: origin=auto,name=screen_view(_vs),params=Bundle[{ga_event_origin(_o)=auto, ga_previous_class(_pc)=EmptyActivity, ga_previous_id(_pi)=4679921186560073065, ga_screen_class(_sc)=BootstrapActivity, ga_screen_id(_si)=4679921186560073066}]
04-24 12:48:52.529 16654 16685 V FA      : Upload scheduled in approximately ms: 1520266
04-24 12:48:52.532 16654 16685 V FA      : Unscheduling upload
04-24 12:48:52.538 16654 16685 V FA      : Scheduling upload, millis: 1520266
04-24 12:48:52.546 16654 16685 V FA      : Background event processing time, ms: 46
04-24 12:48:52.667 16654 16697 I OpenGLRenderer: Davey! duration=2026ms; Flags=1, IntendedVsync=57409285292261, Vsync=57409285292261, OldestInputEvent=9223372036854775807, NewestInputEvent=0, HandleInputStart=57409286420680, AnimationStart=57409286452680, PerformTraversalsStart=57409286500480, DrawStart=57411211317780, SyncQueued=57411220213680, SyncStart=57411301875680, IssueDrawCommandsStart=57411302065580, SwapBuffers=57411379701180, FrameCompleted=57411393832380, DequeueBufferDuration=378800, QueueBufferDuration=691600, GpuCompleted=0,
04-24 12:48:52.668 16654 16685 V FA      : Screen exposed for less than 1000 ms. Event not sent. time: 23
04-24 12:48:52.670 16654 16685 V FA      : Activity paused, time: 57409069
04-24 12:48:52.670 16654 16654 I Choreographer: Skipped 123 frames!  The application may be doing too much work on its main thread.
04-24 12:48:52.670 16654 16685 V FA      : Activity resumed, time: 57409272
04-24 12:48:52.671   536   563 D ArtManagerInternalImpl: /data/misc/iorapd/com.example.lascosasquenovemos/1/com.example.lascosasquenovemos.view.CrearTematicaVista/compiled_traces/compiled_trace.pb doesn't exist
04-24 12:48:52.673   536   558 D EventSequenceValidator: dec AccIntentStartedEvents to 1
04-24 12:48:52.688   536   563 I ActivityTaskManager: Displayed com.example.lascosasquenovemos/.view.CrearTematicaVista: +2s455ms
04-24 12:48:52.697 16654 16654 D RootViewPicker: Root not ready - waiting: 10ms for one to appear.
04-24 12:48:52.715 16654 16654 I ViewInteraction: Checking 'MatchesViewAssertion{viewMatcher=an instance of android.widget.TextView and view.getText() with or without transformation to match: is ""}' assertion on view view.getId() is <2131230970/com.example.lascosasquenovemos:id/editTextCrearTematica>
04-24 12:48:52.719 16654 16654 I ViewInteraction: Checking 'MatchesViewAssertion{viewMatcher=an instance of android.widget.TextView and view.getText() with or without transformation to match: is ""}' assertion on view view.getId() is <2131230971/com.example.lascosasquenovemos:id/editTextCrearTematicaDesacripcion>
04-24 12:48:52.722 16654 16654 I ViewInteraction: Checking 'MatchesViewAssertion{viewMatcher=an instance of android.widget.TextView and view.getText() with or without transformation to match: is ""}' assertion on view view.getId() is <2131230777/com.example.lascosasquenovemos:id/TextoComprobacionCrearTematica>
04-24 12:48:52.732 16654 16654 D LifecycleMonitor: Lifecycle status change: androidx.test.core.app.InstrumentationActivityInvoker$BootstrapActivity@627b22c in: STOPPED
04-24 12:48:52.732 16654 16654 V ActivityScenario: Activity lifecycle changed event received but ignored because the intent does not match. startActivityIntent=Intent { act=android.intent.action.MAIN cat=[android.intent.category.LAUNCHER] cmp=com.example.lascosasquenovemos/.view.CrearTematicaVista }, activity.getIntent()=Intent { act=android.intent.action.MAIN cat=[android.intent.category.LAUNCHER] flg=0x10008000 cmp=com.example.lascosasquenovemos/androidx.test.core.app.InstrumentationActivityInvoker$BootstrapActivity (has extras) }, activity=androidx.test.core.app.InstrumentationActivityInvoker$BootstrapActivity@627b22c
04-24 12:48:52.740   536   558 D EventSequenceValidator: inc AccIntentStartedEvents to 2
04-24 12:48:52.748 16654 16654 D LifecycleMonitor: Lifecycle status change: com.example.lascosasquenovemos.view.CrearTematicaVista@6c1ac4 in: PAUSED
04-24 12:48:52.749 16654 16654 V ActivityScenario: Update currentActivityStage to PAUSED, currentActivity=com.example.lascosasquenovemos.view.CrearTematicaVista@6c1ac4
04-24 12:48:52.751   536  2837 W InputReader: Device virtio_input_multi_touch_10 is associated with display ADISPLAY_ID_NONE.
04-24 12:48:52.752   536  2837 W InputReader: Device virtio_input_multi_touch_4 is associated with display ADISPLAY_ID_NONE.
04-24 12:48:52.752   536  2837 W InputReader: Device virtio_input_multi_touch_11 is associated with display ADISPLAY_ID_NONE.
04-24 12:48:52.752   536  2837 W InputReader: Device virtio_input_multi_touch_5 is associated with display ADISPLAY_ID_NONE.
04-24 12:48:52.752   536  2837 W InputReader: Device virtio_input_multi_touch_2 is associated with display ADISPLAY_ID_NONE.
04-24 12:48:52.752   536  2837 W InputReader: Device virtio_input_multi_touch_9 is associated with display ADISPLAY_ID_NONE.
04-24 12:48:52.752   536  2837 W InputReader: Device virtio_input_multi_touch_7 is associated with display ADISPLAY_ID_NONE.
04-24 12:48:52.752   536  2837 W InputReader: Device virtio_input_multi_touch_6 is associated with display ADISPLAY_ID_NONE.
04-24 12:48:52.752   536  2837 W InputReader: Device virtio_input_multi_touch_3 is associated with display ADISPLAY_ID_NONE.
04-24 12:48:52.752   536  2837 W InputReader: Device virtio_input_multi_touch_8 is associated with display ADISPLAY_ID_NONE.
04-24 12:48:52.752   536  2837 W InputReader: Device virtio_input_multi_touch_10 is associated with display ADISPLAY_ID_NONE.
04-24 12:48:52.752   536  2837 W InputReader: Device virtio_input_multi_touch_4 is associated with display ADISPLAY_ID_NONE.
04-24 12:48:52.752   536  2837 W InputReader: Device virtio_input_multi_touch_11 is associated with display ADISPLAY_ID_NONE.
04-24 12:48:52.752   536  2837 W InputReader: Device virtio_input_multi_touch_5 is associated with display ADISPLAY_ID_NONE.
04-24 12:48:52.752   536  2837 W InputReader: Device virtio_input_multi_touch_2 is associated with display ADISPLAY_ID_NONE.
04-24 12:48:52.752   536  2837 W InputReader: Device virtio_input_multi_touch_9 is associated with display ADISPLAY_ID_NONE.
04-24 12:48:52.752   536  2837 W InputReader: Device virtio_input_multi_touch_7 is associated with display ADISPLAY_ID_NONE.
04-24 12:48:52.752   536  2837 W InputReader: Device virtio_input_multi_touch_6 is associated with display ADISPLAY_ID_NONE.
04-24 12:48:52.752   536  2837 W InputReader: Device virtio_input_multi_touch_3 is associated with display ADISPLAY_ID_NONE.
04-24 12:48:52.752   536  2837 W InputReader: Device virtio_input_multi_touch_8 is associated with display ADISPLAY_ID_NONE.
04-24 12:48:52.768   409   409 I perfetto: ing_service_impl.cc:758 Configured tracing session 167, #sources:1, duration:5000 ms, #buffers:1, total buffer size:4096 KB, total sessions:2, uid:1071 session name: ""
04-24 12:48:52.771   399   399 I perfetto: probes_producer.cc:230  Ftrace setup (target_buf=167)
04-24 12:48:52.771   536   558 D EventSequenceValidator: dec AccIntentStartedEvents to 1
04-24 12:48:52.779 16654 16654 D LifecycleMonitor: Lifecycle status change: androidx.test.core.app.InstrumentationActivityInvoker$EmptyActivity@bd9f25 in: PRE_ON_CREATE
04-24 12:48:52.783 16654 16654 V ActivityScenario: Activity lifecycle changed event received but ignored because the intent does not match. startActivityIntent=Intent { act=android.intent.action.MAIN cat=[android.intent.category.LAUNCHER] cmp=com.example.lascosasquenovemos/.view.CrearTematicaVista }, activity.getIntent()=Intent { act=android.intent.action.MAIN cat=[android.intent.category.LAUNCHER] flg=0x10000000 cmp=com.example.lascosasquenovemos/androidx.test.core.app.InstrumentationActivityInvoker$EmptyActivity }, activity=androidx.test.core.app.InstrumentationActivityInvoker$EmptyActivity@bd9f25
04-24 12:48:52.783 16654 16680 V FA      : onActivityCreated
04-24 12:48:52.805 16654 16654 D LifecycleMonitor: Lifecycle status change: androidx.test.core.app.InstrumentationActivityInvoker$EmptyActivity@bd9f25 in: CREATED
04-24 12:48:52.805 16654 16654 V ActivityScenario: Activity lifecycle changed event received but ignored because the intent does not match. startActivityIntent=Intent { act=android.intent.action.MAIN cat=[android.intent.category.LAUNCHER] cmp=com.example.lascosasquenovemos/.view.CrearTematicaVista }, activity.getIntent()=Intent { act=android.intent.action.MAIN cat=[android.intent.category.LAUNCHER] flg=0x10000000 cmp=com.example.lascosasquenovemos/androidx.test.core.app.InstrumentationActivityInvoker$EmptyActivity }, activity=androidx.test.core.app.InstrumentationActivityInvoker$EmptyActivity@bd9f25
04-24 12:48:52.810 16654 16654 D LifecycleMonitor: Lifecycle status change: androidx.test.core.app.InstrumentationActivityInvoker$EmptyActivity@bd9f25 in: STARTED
04-24 12:48:52.811 16654 16654 V ActivityScenario: Activity lifecycle changed event received but ignored because the intent does not match. startActivityIntent=Intent { act=android.intent.action.MAIN cat=[android.intent.category.LAUNCHER] cmp=com.example.lascosasquenovemos/.view.CrearTematicaVista }, activity.getIntent()=Intent { act=android.intent.action.MAIN cat=[android.intent.category.LAUNCHER] flg=0x10000000 cmp=com.example.lascosasquenovemos/androidx.test.core.app.InstrumentationActivityInvoker$EmptyActivity }, activity=androidx.test.core.app.InstrumentationActivityInvoker$EmptyActivity@bd9f25
04-24 12:48:52.814 16654 16654 D LifecycleMonitor: Lifecycle status change: androidx.test.core.app.InstrumentationActivityInvoker$EmptyActivity@bd9f25 in: RESUMED
04-24 12:48:52.814 16654 16654 V ActivityScenario: Activity lifecycle changed event received but ignored because the intent does not match. startActivityIntent=Intent { act=android.intent.action.MAIN cat=[android.intent.category.LAUNCHER] cmp=com.example.lascosasquenovemos/.view.CrearTematicaVista }, activity.getIntent()=Intent { act=android.intent.action.MAIN cat=[android.intent.category.LAUNCHER] flg=0x10000000 cmp=com.example.lascosasquenovemos/androidx.test.core.app.InstrumentationActivityInvoker$EmptyActivity }, activity=androidx.test.core.app.InstrumentationActivityInvoker$EmptyActivity@bd9f25
04-24 12:48:52.838 16654 16685 V FA      : Logging event: origin=auto,name=screen_view(_vs),params=Bundle[{ga_event_origin(_o)=auto, ga_previous_class(_pc)=BootstrapActivity, ga_previous_id(_pi)=4679921186560073066, ga_screen_class(_sc)=CrearTematicaVista, ga_screen_id(_si)=4679921186560073067}]
04-24 12:48:52.861   304  1262 D goldfish-address-space: claimShared: Ask to claim region [0x3f8965000 0x3f92ca000]
04-24 12:48:52.871 16654 16685 V FA      : Upload scheduled in approximately ms: 1519924
04-24 12:48:52.882 16654 16685 V FA      : Unscheduling upload
04-24 12:48:52.889 16654 16685 V FA      : Scheduling upload, millis: 1519924
04-24 12:48:52.902 16654 16685 V FA      : Background event processing time, ms: 65
04-24 12:48:52.923   304  1262 D goldfish-address-space: claimShared: Ask to claim region [0x3f5c2f000 0x3f6594000]
04-24 12:48:52.932 16654 16685 V FA      : Recording user engagement, ms: 2204
04-24 12:48:53.028 16654 16685 V FA      : Logging event: origin=auto,name=user_engagement(_e),params=Bundle[{ga_event_origin(_o)=auto, engagement_time_msec(_et)=2204, ga_screen_class(_sc)=CrearTematicaVista, ga_screen_id(_si)=4679921186560073067}]
04-24 12:48:53.039   304   354 D goldfish-address-space: claimShared: Ask to claim region [0x3f92ca000 0x3f9c2f000]
04-24 12:48:53.048   536   563 I ActivityTaskManager: Displayed com.example.lascosasquenovemos/androidx.test.core.app.InstrumentationActivityInvoker$EmptyActivity: +314ms
04-24 12:48:53.057   536   558 D EventSequenceValidator: inc AccIntentStartedEvents to 2
04-24 12:48:53.061   409   409 I perfetto: ing_service_impl.cc:758 Configured tracing session 168, #sources:1, duration:5000 ms, #buffers:1, total buffer size:4096 KB, total sessions:3, uid:1071 session name: ""
04-24 12:48:53.063   399   399 I perfetto: probes_producer.cc:230  Ftrace setup (target_buf=168)
04-24 12:48:53.067   536   558 D EventSequenceValidator: dec AccIntentStartedEvents to 1
04-24 12:48:53.072 16654 16654 D LifecycleMonitor: Lifecycle status change: com.example.lascosasquenovemos.view.CrearTematicaVista@6c1ac4 in: STOPPED
04-24 12:48:53.072 16654 16654 V ActivityScenario: Update currentActivityStage to STOPPED, currentActivity=com.example.lascosasquenovemos.view.CrearTematicaVista@6c1ac4
04-24 12:48:53.077 16654 16654 D LifecycleMonitor: Lifecycle status change: com.example.lascosasquenovemos.view.CrearTematicaVista@6c1ac4 in: DESTROYED
04-24 12:48:53.077 16654 16654 V ActivityScenario: Update currentActivityStage to DESTROYED, currentActivity=null
04-24 12:48:53.078 16654 16685 V FA      : Upload scheduled in approximately ms: 1519717
04-24 12:48:53.081 16654 16685 V FA      : Unscheduling upload
04-24 12:48:53.096 16654 16685 V FA      : Scheduling upload, millis: 1519717
04-24 12:48:53.100 16654 16654 D LifecycleMonitor: Lifecycle status change: androidx.test.core.app.InstrumentationActivityInvoker$EmptyActivity@bd9f25 in: PAUSED
04-24 12:48:53.100 16654 16654 V ActivityScenario: Activity lifecycle changed event received but ignored because the intent does not match. startActivityIntent=Intent { act=android.intent.action.MAIN cat=[android.intent.category.LAUNCHER] cmp=com.example.lascosasquenovemos/.view.CrearTematicaVista }, activity.getIntent()=Intent { act=android.intent.action.MAIN cat=[android.intent.category.LAUNCHER] flg=0x10000000 cmp=com.example.lascosasquenovemos/androidx.test.core.app.InstrumentationActivityInvoker$EmptyActivity }, activity=androidx.test.core.app.InstrumentationActivityInvoker$EmptyActivity@bd9f25
04-24 12:48:53.102   536  2945 W InputReader: Device virtio_input_multi_touch_10 is associated with display ADISPLAY_ID_NONE.
04-24 12:48:53.102   536  2945 W InputReader: Device virtio_input_multi_touch_4 is associated with display ADISPLAY_ID_NONE.
04-24 12:48:53.102   536  2945 W InputReader: Device virtio_input_multi_touch_11 is associated with display ADISPLAY_ID_NONE.
04-24 12:48:53.102   536  2945 W InputReader: Device virtio_input_multi_touch_5 is associated with display ADISPLAY_ID_NONE.
04-24 12:48:53.102   536  2945 W InputReader: Device virtio_input_multi_touch_2 is associated with display ADISPLAY_ID_NONE.
04-24 12:48:53.102   536  2945 W InputReader: Device virtio_input_multi_touch_9 is associated with display ADISPLAY_ID_NONE.
04-24 12:48:53.102   536  2945 W InputReader: Device virtio_input_multi_touch_7 is associated with display ADISPLAY_ID_NONE.
04-24 12:48:53.102   536  2945 W InputReader: Device virtio_input_multi_touch_6 is associated with display ADISPLAY_ID_NONE.
04-24 12:48:53.102   536  2945 W InputReader: Device virtio_input_multi_touch_3 is associated with display ADISPLAY_ID_NONE.
04-24 12:48:53.102   536  2945 W InputReader: Device virtio_input_multi_touch_8 is associated with display ADISPLAY_ID_NONE.
04-24 12:48:53.102   536  2945 W InputReader: Device virtio_input_multi_touch_10 is associated with display ADISPLAY_ID_NONE.
04-24 12:48:53.102   536  2945 W InputReader: Device virtio_input_multi_touch_4 is associated with display ADISPLAY_ID_NONE.
04-24 12:48:53.102   536  2945 W InputReader: Device virtio_input_multi_touch_11 is associated with display ADISPLAY_ID_NONE.
04-24 12:48:53.102   536  2945 W InputReader: Device virtio_input_multi_touch_5 is associated with display ADISPLAY_ID_NONE.
04-24 12:48:53.102   536  2945 W InputReader: Device virtio_input_multi_touch_2 is associated with display ADISPLAY_ID_NONE.
04-24 12:48:53.102   536  2945 W InputReader: Device virtio_input_multi_touch_9 is associated with display ADISPLAY_ID_NONE.
04-24 12:48:53.102   536  2945 W InputReader: Device virtio_input_multi_touch_7 is associated with display ADISPLAY_ID_NONE.
04-24 12:48:53.102   536  2945 W InputReader: Device virtio_input_multi_touch_6 is associated with display ADISPLAY_ID_NONE.
04-24 12:48:53.102   536  2945 W InputReader: Device virtio_input_multi_touch_3 is associated with display ADISPLAY_ID_NONE.
04-24 12:48:53.102   536  2945 W InputReader: Device virtio_input_multi_touch_8 is associated with display ADISPLAY_ID_NONE.
04-24 12:48:53.121 16654 16654 D LifecycleMonitor: Lifecycle status change: androidx.test.core.app.InstrumentationActivityInvoker$BootstrapActivity@627b22c in: DESTROYED
04-24 12:48:53.121 16654 16654 V ActivityScenario: Activity lifecycle changed event received but ignored because the intent does not match. startActivityIntent=Intent { act=android.intent.action.MAIN cat=[android.intent.category.LAUNCHER] cmp=com.example.lascosasquenovemos/.view.CrearTematicaVista }, activity.getIntent()=Intent { act=android.intent.action.MAIN cat=[android.intent.category.LAUNCHER] flg=0x10008000 cmp=com.example.lascosasquenovemos/androidx.test.core.app.InstrumentationActivityInvoker$BootstrapActivity (has extras) }, activity=androidx.test.core.app.InstrumentationActivityInvoker$BootstrapActivity@627b22c
04-24 12:48:53.130 16654 16685 V FA      : Background event processing time, ms: 102
04-24 12:48:53.137 16654 16654 D LifecycleMonitor: Lifecycle status change: androidx.test.core.app.InstrumentationActivityInvoker$EmptyActivity@b6b4f02 in: PRE_ON_CREATE
04-24 12:48:53.137 16654 16654 V ActivityScenario: Activity lifecycle changed event received but ignored because the intent does not match. startActivityIntent=Intent { act=android.intent.action.MAIN cat=[android.intent.category.LAUNCHER] cmp=com.example.lascosasquenovemos/.view.CrearTematicaVista }, activity.getIntent()=Intent { act=android.intent.action.MAIN cat=[android.intent.category.LAUNCHER] flg=0x10000000 cmp=com.example.lascosasquenovemos/androidx.test.core.app.InstrumentationActivityInvoker$EmptyActivity }, activity=androidx.test.core.app.InstrumentationActivityInvoker$EmptyActivity@b6b4f02
04-24 12:48:53.138 16654 16680 V FA      : onActivityCreated
04-24 12:48:53.152 16654 16654 D LifecycleMonitor: Lifecycle status change: androidx.test.core.app.InstrumentationActivityInvoker$EmptyActivity@b6b4f02 in: CREATED
04-24 12:48:53.152 16654 16685 V FA      : Activity paused, time: 57411477
04-24 12:48:53.152 16654 16654 V ActivityScenario: Activity lifecycle changed event received but ignored because the intent does not match. startActivityIntent=Intent { act=android.intent.action.MAIN cat=[android.intent.category.LAUNCHER] cmp=com.example.lascosasquenovemos/.view.CrearTematicaVista }, activity.getIntent()=Intent { act=android.intent.action.MAIN cat=[android.intent.category.LAUNCHER] flg=0x10000000 cmp=com.example.lascosasquenovemos/androidx.test.core.app.InstrumentationActivityInvoker$EmptyActivity }, activity=androidx.test.core.app.InstrumentationActivityInvoker$EmptyActivity@b6b4f02
04-24 12:48:53.154 16654 16685 V FA      : Activity resumed, time: 57411540
04-24 12:48:53.156 16654 16654 D LifecycleMonitor: Lifecycle status change: androidx.test.core.app.InstrumentationActivityInvoker$EmptyActivity@b6b4f02 in: STARTED
04-24 12:48:53.156 16654 16654 V ActivityScenario: Activity lifecycle changed event received but ignored because the intent does not match. startActivityIntent=Intent { act=android.intent.action.MAIN cat=[android.intent.category.LAUNCHER] cmp=com.example.lascosasquenovemos/.view.CrearTematicaVista }, activity.getIntent()=Intent { act=android.intent.action.MAIN cat=[android.intent.category.LAUNCHER] flg=0x10000000 cmp=com.example.lascosasquenovemos/androidx.test.core.app.InstrumentationActivityInvoker$EmptyActivity }, activity=androidx.test.core.app.InstrumentationActivityInvoker$EmptyActivity@b6b4f02
04-24 12:48:53.160 16654 16654 D LifecycleMonitor: Lifecycle status change: androidx.test.core.app.InstrumentationActivityInvoker$EmptyActivity@b6b4f02 in: RESUMED
04-24 12:48:53.161 16654 16654 V ActivityScenario: Activity lifecycle changed event received but ignored because the intent does not match. startActivityIntent=Intent { act=android.intent.action.MAIN cat=[android.intent.category.LAUNCHER] cmp=com.example.lascosasquenovemos/.view.CrearTematicaVista }, activity.getIntent()=Intent { act=android.intent.action.MAIN cat=[android.intent.category.LAUNCHER] flg=0x10000000 cmp=com.example.lascosasquenovemos/androidx.test.core.app.InstrumentationActivityInvoker$EmptyActivity }, activity=androidx.test.core.app.InstrumentationActivityInvoker$EmptyActivity@b6b4f02
04-24 12:48:53.227   304   354 D goldfish-address-space: claimShared: Ask to claim region [0x3f6594000 0x3f6ef9000]
04-24 12:48:53.245 16654 16685 V FA      : Logging event: origin=auto,name=screen_view(_vs),params=Bundle[{ga_event_origin(_o)=auto, ga_previous_class(_pc)=CrearTematicaVista, ga_previous_id(_pi)=4679921186560073067, ga_screen_class(_sc)=EmptyActivity, ga_screen_id(_si)=4679921186560073068}]
04-24 12:48:53.270   304   354 D goldfish-address-space: claimShared: Ask to claim region [0x3f6ef9000 0x3f785e000]
04-24 12:48:53.271   304  1262 D goldfish-address-space: claimShared: Ask to claim region [0x3f4000000 0x3f4965000]
04-24 12:48:53.281 16654 16685 V FA      : Upload scheduled in approximately ms: 1519514
04-24 12:48:53.283 16654 16685 V FA      : Unscheduling upload
04-24 12:48:53.296 16654 16685 V FA      : Scheduling upload, millis: 1519514
04-24 12:48:53.304 16654 16685 V FA      : Background event processing time, ms: 59
04-24 12:48:53.322 16654 16685 V FA      : Screen exposed for less than 1000 ms. Event not sent. time: 286
04-24 12:48:53.323 16654 16685 V FA      : Activity paused, time: 57411834
04-24 12:48:53.324 16654 16685 V FA      : Activity resumed, time: 57411887
04-24 12:48:53.344   399   399 I perfetto: probes_producer.cc:329  Producer stop (id=166)
04-24 12:48:53.346   409   409 I perfetto: ng_service_impl.cc:1948 Tracing session 166 ended, total sessions:2
04-24 12:48:53.413   536   563 I ActivityTaskManager: Displayed com.example.lascosasquenovemos/androidx.test.core.app.InstrumentationActivityInvoker$EmptyActivity: +355ms
04-24 12:48:53.416 16654 16685 V FA      : Logging event: origin=auto,name=screen_view(_vs),params=Bundle[{ga_event_origin(_o)=auto, ga_previous_class(_pc)=EmptyActivity, ga_previous_id(_pi)=4679921186560073068, ga_screen_class(_sc)=EmptyActivity, ga_screen_id(_si)=4679921186560073069}]
04-24 12:48:53.445   304  1262 D goldfish-address-space: claimShared: Ask to claim region [0x3f4965000 0x3f52ca000]
04-24 12:48:53.452 16654 16685 V FA      : Upload scheduled in approximately ms: 1519343
04-24 12:48:53.454 16654 16685 V FA      : Unscheduling upload
04-24 12:48:53.459 16654 16685 V FA      : Scheduling upload, millis: 1519343
04-24 12:48:53.468 16654 16685 V FA      : Background event processing time, ms: 53
04-24 12:48:53.518 16654 16654 D LifecycleMonitor: Lifecycle status change: androidx.test.core.app.InstrumentationActivityInvoker$EmptyActivity@bd9f25 in: STOPPED
04-24 12:48:53.518 16654 16654 V ActivityScenario: Activity lifecycle changed event received but ignored because the intent does not match. startActivityIntent=Intent { act=android.intent.action.MAIN cat=[android.intent.category.LAUNCHER] cmp=com.example.lascosasquenovemos/.view.CrearTematicaVista }, activity.getIntent()=Intent { act=android.intent.action.MAIN cat=[android.intent.category.LAUNCHER] flg=0x10000000 cmp=com.example.lascosasquenovemos/androidx.test.core.app.InstrumentationActivityInvoker$EmptyActivity }, activity=androidx.test.core.app.InstrumentationActivityInvoker$EmptyActivity@bd9f25
04-24 12:48:53.520 16654 16654 D LifecycleMonitor: Lifecycle status change: androidx.test.core.app.InstrumentationActivityInvoker$EmptyActivity@bd9f25 in: DESTROYED
04-24 12:48:53.521 16654 16654 V ActivityScenario: Activity lifecycle changed event received but ignored because the intent does not match. startActivityIntent=Intent { act=android.intent.action.MAIN cat=[android.intent.category.LAUNCHER] cmp=com.example.lascosasquenovemos/.view.CrearTematicaVista }, activity.getIntent()=Intent { act=android.intent.action.MAIN cat=[android.intent.category.LAUNCHER] flg=0x10000000 cmp=com.example.lascosasquenovemos/androidx.test.core.app.InstrumentationActivityInvoker$EmptyActivity }, activity=androidx.test.core.app.InstrumentationActivityInvoker$EmptyActivity@bd9f25
04-24 12:48:53.532   536  4456 D HostConnection: HostConnection::get() New Host Connection established 0xf6774880, tid 4456
04-24 12:48:53.535 16654 16654 D LifecycleMonitor: Lifecycle status change: androidx.test.core.app.InstrumentationActivityInvoker$EmptyActivity@b6b4f02 in: PAUSED
04-24 12:48:53.536 16654 16654 V ActivityScenario: Activity lifecycle changed event received but ignored because the intent does not match. startActivityIntent=Intent { act=android.intent.action.MAIN cat=[android.intent.category.LAUNCHER] cmp=com.example.lascosasquenovemos/.view.CrearTematicaVista }, activity.getIntent()=Intent { act=android.intent.action.MAIN cat=[android.intent.category.LAUNCHER] flg=0x10000000 cmp=com.example.lascosasquenovemos/androidx.test.core.app.InstrumentationActivityInvoker$EmptyActivity }, activity=androidx.test.core.app.InstrumentationActivityInvoker$EmptyActivity@b6b4f02
04-24 12:48:53.539   536  4456 D HostConnection: HostComposition ext ANDROID_EMU_CHECKSUM_HELPER_v1 ANDROID_EMU_native_sync_v2 ANDROID_EMU_native_sync_v3 ANDROID_EMU_native_sync_v4 ANDROID_EMU_dma_v1 ANDROID_EMU_direct_mem ANDROID_EMU_host_composition_v1 ANDROID_EMU_host_composition_v2 ANDROID_EMU_vulkan ANDROID_EMU_deferred_vulkan_commands ANDROID_EMU_vulkan_null_optional_strings ANDROID_EMU_vulkan_create_resources_with_requirements ANDROID_EMU_YUV_Cache ANDROID_EMU_vulkan_ignored_handles ANDROID_EMU_has_shared_slots_host_memory_allocator ANDROID_EMU_vulkan_free_memory_sync ANDROID_EMU_vulkan_shader_float16_int8 ANDROID_EMU_vulkan_async_queue_submit ANDROID_EMU_sync_buffer_data ANDROID_EMU_read_color_buffer_dma GL_OES_vertex_array_object GL_KHR_texture_compression_astc_ldr ANDROID_EMU_host_side_tracing ANDROID_EMU_gles_max_version_2
04-24 12:48:53.544   536  1164 W InputReader: Device virtio_input_multi_touch_10 is associated with display ADISPLAY_ID_NONE.
04-24 12:48:53.544   536  1164 W InputReader: Device virtio_input_multi_touch_4 is associated with display ADISPLAY_ID_NONE.
04-24 12:48:53.544   536  1164 W InputReader: Device virtio_input_multi_touch_11 is associated with display ADISPLAY_ID_NONE.
04-24 12:48:53.544   536  1164 W InputReader: Device virtio_input_multi_touch_5 is associated with display ADISPLAY_ID_NONE.
04-24 12:48:53.544   536  1164 W InputReader: Device virtio_input_multi_touch_2 is associated with display ADISPLAY_ID_NONE.
04-24 12:48:53.544   536  1164 W InputReader: Device virtio_input_multi_touch_9 is associated with display ADISPLAY_ID_NONE.
04-24 12:48:53.544   536  1164 W InputReader: Device virtio_input_multi_touch_7 is associated with display ADISPLAY_ID_NONE.
04-24 12:48:53.544   536  1164 W InputReader: Device virtio_input_multi_touch_6 is associated with display ADISPLAY_ID_NONE.
04-24 12:48:53.544   536  1164 W InputReader: Device virtio_input_multi_touch_3 is associated with display ADISPLAY_ID_NONE.
04-24 12:48:53.544   536  1164 W InputReader: Device virtio_input_multi_touch_8 is associated with display ADISPLAY_ID_NONE.
04-24 12:48:53.544   536  1164 W InputReader: Device virtio_input_multi_touch_10 is associated with display ADISPLAY_ID_NONE.
04-24 12:48:53.545   536  1164 W InputReader: Device virtio_input_multi_touch_4 is associated with display ADISPLAY_ID_NONE.
04-24 12:48:53.545   536  1164 W InputReader: Device virtio_input_multi_touch_11 is associated with display ADISPLAY_ID_NONE.
04-24 12:48:53.545   536  1164 W InputReader: Device virtio_input_multi_touch_5 is associated with display ADISPLAY_ID_NONE.
04-24 12:48:53.545   536  1164 W InputReader: Device virtio_input_multi_touch_2 is associated with display ADISPLAY_ID_NONE.
04-24 12:48:53.545   536  1164 W InputReader: Device virtio_input_multi_touch_9 is associated with display ADISPLAY_ID_NONE.
04-24 12:48:53.545   536  1164 W InputReader: Device virtio_input_multi_touch_7 is associated with display ADISPLAY_ID_NONE.
04-24 12:48:53.545   536  1164 W InputReader: Device virtio_input_multi_touch_6 is associated with display ADISPLAY_ID_NONE.
04-24 12:48:53.545   536  1164 W InputReader: Device virtio_input_multi_touch_3 is associated with display ADISPLAY_ID_NONE.
04-24 12:48:53.545   536  1164 W InputReader: Device virtio_input_multi_touch_8 is associated with display ADISPLAY_ID_NONE.
04-24 12:48:53.555 16654 16683 I TestRunner: finished: testEmptyEditText(com.example.lascosasquenovemos.vistaTest.PruebaUnitariasCrearTematica)
