03-29 09:20:19.810 26681 26681 V ActivityScenario: Activity lifecycle changed event received but ignored because the intent does not match. startActivityIntent=Intent { act=android.intent.action.MAIN cat=[android.intent.category.LAUNCHER] cmp=com.example.lascosasquenovemos/.view.InfoVista }, activity.getIntent()=Intent { act=android.intent.action.MAIN cat=[android.intent.category.LAUNCHER] flg=0x10000000 cmp=com.example.lascosasquenovemos/androidx.test.core.app.InstrumentationActivityInvoker$EmptyActivity }, activity=androidx.test.core.app.InstrumentationActivityInvoker$EmptyActivity@78609a5
03-29 09:20:19.812 26681 26681 D LifecycleMonitor: Lifecycle status change: androidx.test.core.app.InstrumentationActivityInvoker$EmptyActivity@78609a5 in: STARTED
03-29 09:20:19.812 26681 26681 V ActivityScenario: Activity lifecycle changed event received but ignored because the intent does not match. startActivityIntent=Intent { act=android.intent.action.MAIN cat=[android.intent.category.LAUNCHER] cmp=com.example.lascosasquenovemos/.view.InfoVista }, activity.getIntent()=Intent { act=android.intent.action.MAIN cat=[android.intent.category.LAUNCHER] flg=0x10000000 cmp=com.example.lascosasquenovemos/androidx.test.core.app.InstrumentationActivityInvoker$EmptyActivity }, activity=androidx.test.core.app.InstrumentationActivityInvoker$EmptyActivity@78609a5
03-29 09:20:19.813 26681 26712 V FA      : Activity resumed, time: 11612388
03-29 09:20:19.814 26681 26681 D LifecycleMonitor: Lifecycle status change: androidx.test.core.app.InstrumentationActivityInvoker$EmptyActivity@78609a5 in: RESUMED
03-29 09:20:19.814 26681 26681 V ActivityScenario: Activity lifecycle changed event received but ignored because the intent does not match. startActivityIntent=Intent { act=android.intent.action.MAIN cat=[android.intent.category.LAUNCHER] cmp=com.example.lascosasquenovemos/.view.InfoVista }, activity.getIntent()=Intent { act=android.intent.action.MAIN cat=[android.intent.category.LAUNCHER] flg=0x10000000 cmp=com.example.lascosasquenovemos/androidx.test.core.app.InstrumentationActivityInvoker$EmptyActivity }, activity=androidx.test.core.app.InstrumentationActivityInvoker$EmptyActivity@78609a5
03-29 09:20:19.833   306   358 D goldfish-address-space: claimShared: Ask to claim region [0x3f67b9000 0x3f6fa2000]
03-29 09:20:19.836   306   358 D goldfish-address-space: claimShared: Ask to claim region [0x3f4000000 0x3f47e9000]
03-29 09:20:19.837   306   358 D goldfish-address-space: claimShared: Ask to claim region [0x3f47e9000 0x3f4fd2000]
03-29 09:20:19.845   517   542 I ActivityTaskManager: Displayed com.example.lascosasquenovemos/androidx.test.core.app.InstrumentationActivityInvoker$EmptyActivity: +60ms
03-29 09:20:19.847  1606 26722 V FA-SVC  : Logging event: origin=auto,name=screen_view(_vs),params=Bundle[{ga_event_origin(_o)=auto, ga_previous_class(_pc)=EmptyActivity, ga_previous_id(_pi)=2524076883230826622, ga_screen_class(_sc)=EmptyActivity, ga_screen_id(_si)=2524076883230826623}]
03-29 09:20:19.850   306   358 D goldfish-address-space: claimShared: Ask to claim region [0x3f4fd2000 0x3f54e2000]
03-29 09:20:19.851  1606 26722 V FA-SVC  : Upload scheduled in approximately ms: 3373211
03-29 09:20:19.851  1606 26722 V FA-SVC  : Unscheduling upload
03-29 09:20:19.853  1606 26722 V FA-SVC  : Scheduling upload, millis: 3373211
03-29 09:20:19.854  1174 26644 E NetworkScheduler.ATC: Called cancelTask for already completed task com.google.android.gms/.measurement.PackageMeasurementTaskService{u=0 tag="Measurement.PackageMeasurementTaskService.UPLOAD_TASK_TAG" trigger=window{start=383s,end=767s,earliest=-234s,latest=149s} requirements=[NET_CONNECTED] attributes=[PERSISTED] scheduled=-617s last_run=-227s exec_window_multiplier=1.0000 jid=N/A status=ACTIVE retries=0 client_lib=GMS_TASK_SCHEDULER-220920000} :1 [CONTEXT service_id=218 ]
03-29 09:20:19.853  1606 26722 V FA-SVC  : Background event processing time, ms: 6
03-29 09:20:19.864 26681 26681 D LifecycleMonitor: Lifecycle status change: androidx.test.core.app.InstrumentationActivityInvoker$EmptyActivity@e276935 in: STOPPED
03-29 09:20:19.864 26681 26681 V ActivityScenario: Activity lifecycle changed event received but ignored because the intent does not match. startActivityIntent=Intent { act=android.intent.action.MAIN cat=[android.intent.category.LAUNCHER] cmp=com.example.lascosasquenovemos/.view.InfoVista }, activity.getIntent()=Intent { act=android.intent.action.MAIN cat=[android.intent.category.LAUNCHER] flg=0x10000000 cmp=com.example.lascosasquenovemos/androidx.test.core.app.InstrumentationActivityInvoker$EmptyActivity }, activity=androidx.test.core.app.InstrumentationActivityInvoker$EmptyActivity@e276935
03-29 09:20:19.865 26681 26681 D LifecycleMonitor: Lifecycle status change: androidx.test.core.app.InstrumentationActivityInvoker$EmptyActivity@e276935 in: DESTROYED
03-29 09:20:19.866 26681 26681 V ActivityScenario: Activity lifecycle changed event received but ignored because the intent does not match. startActivityIntent=Intent { act=android.intent.action.MAIN cat=[android.intent.category.LAUNCHER] cmp=com.example.lascosasquenovemos/.view.InfoVista }, activity.getIntent()=Intent { act=android.intent.action.MAIN cat=[android.intent.category.LAUNCHER] flg=0x10000000 cmp=com.example.lascosasquenovemos/androidx.test.core.app.InstrumentationActivityInvoker$EmptyActivity }, activity=androidx.test.core.app.InstrumentationActivityInvoker$EmptyActivity@e276935
03-29 09:20:19.871 26681 26681 D LifecycleMonitor: Lifecycle status change: androidx.test.core.app.InstrumentationActivityInvoker$EmptyActivity@78609a5 in: PAUSED
03-29 09:20:19.871 26681 26681 V ActivityScenario: Activity lifecycle changed event received but ignored because the intent does not match. startActivityIntent=Intent { act=android.intent.action.MAIN cat=[android.intent.category.LAUNCHER] cmp=com.example.lascosasquenovemos/.view.InfoVista }, activity.getIntent()=Intent { act=android.intent.action.MAIN cat=[android.intent.category.LAUNCHER] flg=0x10000000 cmp=com.example.lascosasquenovemos/androidx.test.core.app.InstrumentationActivityInvoker$EmptyActivity }, activity=androidx.test.core.app.InstrumentationActivityInvoker$EmptyActivity@78609a5
03-29 09:20:19.873   517  1863 W InputReader: Device virtio_input_multi_touch_10 is associated with display ADISPLAY_ID_NONE.
03-29 09:20:19.873   517  1863 W InputReader: Device virtio_input_multi_touch_4 is associated with display ADISPLAY_ID_NONE.
03-29 09:20:19.873   517  1863 W InputReader: Device virtio_input_multi_touch_9 is associated with display ADISPLAY_ID_NONE.
03-29 09:20:19.873   517  1863 W InputReader: Device virtio_input_multi_touch_11 is associated with display ADISPLAY_ID_NONE.
03-29 09:20:19.873   517  1863 W InputReader: Device virtio_input_multi_touch_6 is associated with display ADISPLAY_ID_NONE.
03-29 09:20:19.873   517  1863 W InputReader: Device virtio_input_multi_touch_7 is associated with display ADISPLAY_ID_NONE.
03-29 09:20:19.873   517  1863 W InputReader: Device virtio_input_multi_touch_3 is associated with display ADISPLAY_ID_NONE.
03-29 09:20:19.873   517  1863 W InputReader: Device virtio_input_multi_touch_5 is associated with display ADISPLAY_ID_NONE.
03-29 09:20:19.873   517  1863 W InputReader: Device virtio_input_multi_touch_2 is associated with display ADISPLAY_ID_NONE.
03-29 09:20:19.873   517  1863 W InputReader: Device virtio_input_multi_touch_8 is associated with display ADISPLAY_ID_NONE.
03-29 09:20:19.874   517  1863 W InputReader: Device virtio_input_multi_touch_10 is associated with display ADISPLAY_ID_NONE.
03-29 09:20:19.874   517  1863 W InputReader: Device virtio_input_multi_touch_4 is associated with display ADISPLAY_ID_NONE.
03-29 09:20:19.874   517  1863 W InputReader: Device virtio_input_multi_touch_9 is associated with display ADISPLAY_ID_NONE.
03-29 09:20:19.874   517  1863 W InputReader: Device virtio_input_multi_touch_11 is associated with display ADISPLAY_ID_NONE.
03-29 09:20:19.874   517  1863 W InputReader: Device virtio_input_multi_touch_6 is associated with display ADISPLAY_ID_NONE.
03-29 09:20:19.874   517  1863 W InputReader: Device virtio_input_multi_touch_7 is associated with display ADISPLAY_ID_NONE.
03-29 09:20:19.874   517  1863 W InputReader: Device virtio_input_multi_touch_3 is associated with display ADISPLAY_ID_NONE.
03-29 09:20:19.874   517  1863 W InputReader: Device virtio_input_multi_touch_5 is associated with display ADISPLAY_ID_NONE.
03-29 09:20:19.874   517  1863 W InputReader: Device virtio_input_multi_touch_2 is associated with display ADISPLAY_ID_NONE.
03-29 09:20:19.874   517  1863 W InputReader: Device virtio_input_multi_touch_8 is associated with display ADISPLAY_ID_NONE.
03-29 09:20:19.874 26681 26712 V FA      : Screen exposed for less than 1000 ms. Event not sent. time: 58
03-29 09:20:19.880 26681 26681 D LifecycleMonitor: Lifecycle status change: com.example.lascosasquenovemos.view.ComprobarResultadoVista@9387198 in: RESUMED
03-29 09:20:19.881 26681 26681 V ActivityScenario: Activity lifecycle changed event received but ignored because the intent does not match. startActivityIntent=Intent { act=android.intent.action.MAIN cat=[android.intent.category.LAUNCHER] cmp=com.example.lascosasquenovemos/.view.InfoVista }, activity.getIntent()=Intent { cmp=com.example.lascosasquenovemos/.view.ComprobarResultadoVista (has extras) }, activity=com.example.lascosasquenovemos.view.ComprobarResultadoVista@9387198
03-29 09:20:19.881  1241  1241 I GoogleInputMethodService: GoogleInputMethodService.onFinishInput():3210
03-29 09:20:19.882  1241  1241 I GoogleInputMethodService: GoogleInputMethodService.updateDeviceLockedStatus():2099 checkRepeatedly = false, unlocked = true
03-29 09:20:19.882  1241  1241 I GoogleInputMethodService: GoogleInputMethodService.onStartInput():1907 onStartInput(EditorInfo{inputType=0x0(NULL) imeOptions=0x0 privateImeOptions=null actionName=UNSPECIFIED actionLabel=null actionId=0 initialSelStart=-1 initialSelEnd=-1 initialCapsMode=0x0 hintText=null label=null packageName=com.example.lascosasquenovemos fieldId=-1 fieldName=null extras=null}, false)
03-29 09:20:19.882  1241  1241 I GoogleInputMethodService: GoogleInputMethodService.updateDeviceLockedStatus():2099 checkRepeatedly = true, unlocked = true
03-29 09:20:19.884 26681 26712 V FA      : Activity paused, time: 11612446
03-29 09:20:19.884 26681 26712 V FA      : Activity resumed, time: 11612455
03-29 09:20:19.901 26681 26681 D LifecycleMonitor: Lifecycle status change: androidx.test.core.app.InstrumentationActivityInvoker$EmptyActivity@78609a5 in: STOPPED
03-29 09:20:19.901 26681 26681 V ActivityScenario: Activity lifecycle changed event received but ignored because the intent does not match. startActivityIntent=Intent { act=android.intent.action.MAIN cat=[android.intent.category.LAUNCHER] cmp=com.example.lascosasquenovemos/.view.InfoVista }, activity.getIntent()=Intent { act=android.intent.action.MAIN cat=[android.intent.category.LAUNCHER] flg=0x10000000 cmp=com.example.lascosasquenovemos/androidx.test.core.app.InstrumentationActivityInvoker$EmptyActivity }, activity=androidx.test.core.app.InstrumentationActivityInvoker$EmptyActivity@78609a5
03-29 09:20:19.904  1076  1096 W System  : A resource failed to call release.
03-29 09:20:19.904  1076  1096 I chatty  : uid=10136(com.google.android.apps.nexuslauncher) FinalizerDaemon identical 1 line
03-29 09:20:19.904  1076  1096 W System  : A resource failed to call release.
03-29 09:20:19.905  1606 26722 V FA-SVC  : Logging event: origin=auto,name=screen_view(_vs),params=Bundle[{ga_event_origin(_o)=auto, ga_previous_class(_pc)=EmptyActivity, ga_previous_id(_pi)=2524076883230826623, ga_screen_class(_sc)=ComprobarResultadoVista, ga_screen_id(_si)=2524076883230826621}]
03-29 09:20:19.908   693   722 W System  : A resource failed to call release.
03-29 09:20:19.908 26681 26681 D LifecycleMonitor: Lifecycle status change: androidx.test.core.app.InstrumentationActivityInvoker$EmptyActivity@78609a5 in: DESTROYED
03-29 09:20:19.908 26681 26681 V ActivityScenario: Activity lifecycle changed event received but ignored because the intent does not match. startActivityIntent=Intent { act=android.intent.action.MAIN cat=[android.intent.category.LAUNCHER] cmp=com.example.lascosasquenovemos/.view.InfoVista }, activity.getIntent()=Intent { act=android.intent.action.MAIN cat=[android.intent.category.LAUNCHER] flg=0x10000000 cmp=com.example.lascosasquenovemos/androidx.test.core.app.InstrumentationActivityInvoker$EmptyActivity }, activity=androidx.test.core.app.InstrumentationActivityInvoker$EmptyActivity@78609a5
03-29 09:20:19.915 26681 26681 D LifecycleMonitor: Lifecycle status change: com.example.lascosasquenovemos.view.VerQuizVista@1154596 in: STOPPED
03-29 09:20:19.915 26681 26681 V ActivityScenario: Activity lifecycle changed event received but ignored because the intent does not match. startActivityIntent=Intent { act=android.intent.action.MAIN cat=[android.intent.category.LAUNCHER] cmp=com.example.lascosasquenovemos/.view.InfoVista }, activity.getIntent()=Intent { cmp=com.example.lascosasquenovemos/.view.VerQuizVista (has extras) }, activity=com.example.lascosasquenovemos.view.VerQuizVista@1154596
03-29 09:20:19.915   517  6269 D HostConnection: HostConnection::get() New Host Connection established 0xb2fd4050, tid 6269
03-29 09:20:19.916  1606 26722 V FA-SVC  : Upload scheduled in approximately ms: 3373146
03-29 09:20:19.916  1606 26722 V FA-SVC  : Unscheduling upload
03-29 09:20:19.918  1606 26722 V FA-SVC  : Scheduling upload, millis: 3373146
03-29 09:20:19.919  1606 26722 V FA-SVC  : Background event processing time, ms: 15
03-29 09:20:19.921  1241  1241 I GoogleInputMethodService: GoogleInputMethodService.onFinishInput():3210
03-29 09:20:19.922   517  6269 D HostConnection: HostComposition ext ANDROID_EMU_CHECKSUM_HELPER_v1 ANDROID_EMU_native_sync_v2 ANDROID_EMU_native_sync_v3 ANDROID_EMU_native_sync_v4 ANDROID_EMU_dma_v1 ANDROID_EMU_direct_mem ANDROID_EMU_host_composition_v1 ANDROID_EMU_host_composition_v2 ANDROID_EMU_vulkan ANDROID_EMU_deferred_vulkan_commands ANDROID_EMU_vulkan_null_optional_strings ANDROID_EMU_vulkan_create_resources_with_requirements ANDROID_EMU_YUV_Cache ANDROID_EMU_vulkan_ignored_handles ANDROID_EMU_has_shared_slots_host_memory_allocator ANDROID_EMU_vulkan_free_memory_sync ANDROID_EMU_vulkan_shader_float16_int8 ANDROID_EMU_vulkan_async_queue_submit ANDROID_EMU_sync_buffer_data ANDROID_EMU_read_color_buffer_dma GL_OES_EGL_image_external_essl3 GL_OES_vertex_array_object GL_KHR_texture_compression_astc_ldr ANDROID_EMU_host_side_tracing ANDROID_EMU_gles_max_version_3_0
03-29 09:20:19.922  1241  1241 I GoogleInputMethodService: GoogleInputMethodService.updateDeviceLockedStatus():2099 checkRepeatedly = false, unlocked = true
03-29 09:20:19.922  1241  1241 I GoogleInputMethodService: GoogleInputMethodService.onStartInput():1907 onStartInput(EditorInfo{inputType=0x0(NULL) imeOptions=0x0 privateImeOptions=null actionName=UNSPECIFIED actionLabel=null actionId=0 initialSelStart=-1 initialSelEnd=-1 initialCapsMode=0x0 hintText=null label=null packageName=com.example.lascosasquenovemos fieldId=-1 fieldName=null extras=null}, false)
03-29 09:20:19.922  1241  1241 I GoogleInputMethodService: GoogleInputMethodService.updateDeviceLockedStatus():2099 checkRepeatedly = true, unlocked = true
03-29 09:20:19.922  1174 25087 E NetworkScheduler.ATC: Called cancelTask for already completed task com.google.android.gms/.measurement.PackageMeasurementTaskService{u=0 tag="Measurement.PackageMeasurementTaskService.UPLOAD_TASK_TAG" trigger=window{start=383s,end=767s,earliest=-234s,latest=149s} requirements=[NET_CONNECTED] attributes=[PERSISTED] scheduled=-617s last_run=-227s exec_window_multiplier=1.0000 jid=N/A status=ACTIVE retries=0 client_lib=GMS_TASK_SCHEDULER-220920000} :1 [CONTEXT service_id=218 ]
03-29 09:20:19.922   517  6269 W OpenGLRenderer: Failed to choose config with EGL_SWAP_BEHAVIOR_PRESERVED, retrying without...
03-29 09:20:19.923   517  6269 D EGL_emulation: eglCreateContext: 0xf0a3d950: maj 3 min 0 rcv 3
03-29 09:20:19.925   517  6269 D EGL_emulation: eglMakeCurrent: 0xf0a3d950: ver 3 0 (tinfo 0xba2067b0) (first time)
03-29 09:20:19.929 26681 26707 I TestRunner: finished: checkRespuesta1(com.example.lascosasquenovemos.vistaTest.integrationTest.PruebaIntegracionResponderQuiz)
