04-13 19:01:30.684   510   564 I SurfaceFlinger: id=312782 createSurf (0x0),-1 flag=80004, 1efac3c com.example.lascosasquenovemos/androidx.test.core.app.InstrumentationActivityInvoker$EmptyActivity#0
04-13 19:01:30.685   963  1241 D InputTransport: Input channel destroyed: '1efac3c', fd=562
04-13 19:01:30.686 21902 21902 I ViewRootImpl@3df90eb[InstrumentationActivityInvoker$EmptyActivity]: setView = com.android.internal.policy.DecorView@e32eb2e TM=true MM=false
04-13 19:01:30.688 21902 21902 I ViewRootImpl@366cb1b[CrearTematicaVista]: MSG_WINDOW_FOCUS_CHANGED 0 1
04-13 19:01:30.688 21902 21902 D InputMethodManager: prepareNavigationBarInfo() DecorView@4b26340[CrearTematicaVista]
04-13 19:01:30.688 21902 21902 D InputMethodManager: getNavigationBarColor() -855310
04-13 19:01:30.694 24958 21951 V FA-SVC  : Upload scheduled in approximately ms: 1624301
04-13 19:01:30.694 24958 21951 V FA-SVC  : Unscheduling upload
04-13 19:01:30.697   963  4174 V WindowManager: Relayout Window{1efac3c u0 com.example.lascosasquenovemos/androidx.test.core.app.InstrumentationActivityInvoker$EmptyActivity}: viewVisibility=0 req=1080x2220
04-13 19:01:30.697 24958 21951 V FA-SVC  : Scheduling upload, millis: 1624301
04-13 19:01:30.699 24958 21951 V FA-SVC  : Background event processing time, ms: 16
04-13 19:01:30.699   510   564 I SurfaceFlinger: id=312783 createSurf (1080x2220),1 flag=404, com.example.lascosasquenovemos/androidx.test.core.app.InstrumentationActivityInvoker$EmptyActivity$_21902#0
04-13 19:01:30.701   963  4174 V WindowManager: Changing focus from null to Window{1efac3c u0 com.example.lascosasquenovemos/androidx.test.core.app.InstrumentationActivityInvoker$EmptyActivity} displayId=0 Callers=com.android.server.wm.RootWindowContainer.updateFocusedWindowLocked:204 com.android.server.wm.WindowManagerService.updateFocusedWindowLocked:6458 com.android.server.wm.WindowManagerService.relayoutWindow:2618 com.android.server.wm.Session.relayout:202 android.view.IWindowSession$Stub.onTransact:716 com.android.server.wm.Session.onTransact:142
04-13 19:01:30.701   963  1049 D WindowManager: setSystemUiVisibility: displayId=0, vis=0x8018, fullVis=0x0, dockVis=0x0, win=Window{1efac3c u0 com.example.lascosasquenovemos/androidx.test.core.app.InstrumentationActivityInvoker$EmptyActivity}
04-13 19:01:30.702   963  1051 I WindowManager: Focus moving from null to Window{1efac3c u0 com.example.lascosasquenovemos/androidx.test.core.app.InstrumentationActivityInvoker$EmptyActivity} displayId=0
04-13 19:01:30.702   963  1051 I WindowManager: Gaining focus: Window{1efac3c u0 com.example.lascosasquenovemos/androidx.test.core.app.InstrumentationActivityInvoker$EmptyActivity}
04-13 19:01:30.702   963  4174 V WindowManager: Relayout 21902: mAttrs={(0,0)(fillxfill) sim={adjust=pan forwardNavigation} ty=BASE_APPLICATION wanim=0x1030001
04-13 19:01:30.702   963  4174 V WindowManager:   fl=1810100
04-13 19:01:30.702   963  4174 V WindowManager:   pfl=10020000
04-13 19:01:30.702   963  4174 V WindowManager:   vsysui=10 naviIconColor=0}, display=0
04-13 19:01:30.705 21902 21902 I ViewRootImpl@3df90eb[InstrumentationActivityInvoker$EmptyActivity]: Relayout returned: old=(0,0,1080,2220) new=(0,0,1080,2220) req=(1080,2220)0 dur=9 res=0x7 s={true 512266768384} ch=true
04-13 19:01:30.707  2201 21547 W NetworkScheduler: Error inserting flex_time=1624000 job_id=-1 period=3249000 source=16 requires_charging=0 preferred_network_type=1 target_class=com.google.android.gms.measurement.PackageMeasurementTaskService user_id=0 target_package=com.google.android.gms tag=Measurement.PackageMeasurementTaskService.UPLOAD_TASK_TAG task_type=0 required_idleness_state=0 service_kind=0 source_version=220920000 persistence_level=1 preferred_charging_state=1 required_network_type=0 runtime=1649869290703 retry_strategy={"maximum_backoff_seconds":{"3600":0},"initial_backoff_seconds":{"30":0},"retry_policy":{"0":0}} last_runtime=0, error message: UNIQUE constraint failed: pending_ops.tag, pending_ops.target_class, pending_ops.target_package, pending_ops.user_id (code 2067 SQLITE_CONSTRAINT_UNIQUE[2067]) [CONTEXT service_id=218 ]
04-13 19:01:30.707 21902 21952 I mali_winsys: new_window_surface() [1080x2220] return: 0x3000
04-13 19:01:30.717 24958 21951 V FA-SVC  : Logging event: origin=auto,name=screen_view(_vs),params=Bundle[{ga_event_origin(_o)=auto, ga_previous_class(_pc)=CrearTematicaVista, ga_previous_id(_pi)=-737939500522848623, ga_screen_class(_sc)=EmptyActivity, ga_screen_id(_si)=-737939500522848622}]
04-13 19:01:30.725 24958 21951 V FA-SVC  : Upload scheduled in approximately ms: 1624270
04-13 19:01:30.725 24958 21951 V FA-SVC  : Unscheduling upload
04-13 19:01:30.726   963  4174 D WindowManager: finishDrawingWindow: Window{1efac3c u0 com.example.lascosasquenovemos/androidx.test.core.app.InstrumentationActivityInvoker$EmptyActivity} mDrawState=DRAW_PENDING
04-13 19:01:30.727 24958 21951 V FA-SVC  : Scheduling upload, millis: 1624270
04-13 19:01:30.728 24958 21951 V FA-SVC  : Background event processing time, ms: 11
04-13 19:01:30.730   963  1052 D PkgPredictorService: pkg:com.example.lascosasquenovemos activity:androidx.test.core.app.InstrumentationActivityInvoker$EmptyActivity thisTime:-1
04-13 19:01:30.736  2201 20648 W NetworkScheduler: Error inserting flex_time=1624000 job_id=-1 period=3249000 source=16 requires_charging=0 preferred_network_type=1 target_class=com.google.android.gms.measurement.PackageMeasurementTaskService user_id=0 target_package=com.google.android.gms tag=Measurement.PackageMeasurementTaskService.UPLOAD_TASK_TAG task_type=0 required_idleness_state=0 service_kind=0 source_version=220920000 persistence_level=1 preferred_charging_state=1 required_network_type=0 runtime=1649869290734 retry_strategy={"maximum_backoff_seconds":{"3600":0},"initial_backoff_seconds":{"30":0},"retry_policy":{"0":0}} last_runtime=0, error message: UNIQUE constraint failed: pending_ops.tag, pending_ops.target_class, pending_ops.target_package, pending_ops.user_id (code 2067 SQLITE_CONSTRAINT_UNIQUE[2067]) [CONTEXT service_id=218 ]
04-13 19:01:30.738 21902 21902 I ViewRootImpl@3df90eb[InstrumentationActivityInvoker$EmptyActivity]: MSG_WINDOW_FOCUS_CHANGED 1 1
04-13 19:01:30.738   963  4174 D InputDispatcher: Focus entered window (21902): 1efac3c in display 0 0
04-13 19:01:30.739 21902 21902 D InputMethodManager: prepareNavigationBarInfo() DecorView@e32eb2e[InstrumentationActivityInvoker$EmptyActivity]
04-13 19:01:30.739 21902 21902 D InputMethodManager: getNavigationBarColor() -855310
04-13 19:01:30.742 21902 21902 D InputMethodManager: prepareNavigationBarInfo() DecorView@e32eb2e[InstrumentationActivityInvoker$EmptyActivity]
04-13 19:01:30.742 21902 21902 D InputMethodManager: getNavigationBarColor() -855310
04-13 19:01:30.742 21902 21902 V InputMethodManager: Starting input: tba=com.example.lascosasquenovemos ic=null mNaviBarColor -855310 mIsGetNaviBarColorSuccess true , NavVisible : true , NavTrans : false
04-13 19:01:30.742 21902 21902 D InputMethodManager: startInputInner - Id : 0
04-13 19:01:30.742 21902 21902 I InputMethodManager: startInputInner - mService.startInputOrWindowGainedFocus
04-13 19:01:30.744   963  4174 D InputMethodManagerService: mSecureKeypadEnabled = false
04-13 19:01:30.746   510   510 I SurfaceFlinger: Display 0 HWC layers:
04-13 19:01:30.746   510   510 I SurfaceFlinger:     type    |    handle    | flag |  format   |   source crop (l,t,r,b)    |         frame       | name
04-13 19:01:30.746   510   510 I SurfaceFlinger: ------------+--------------+------+-----------+----------------------------+---------------------+------
04-13 19:01:30.746   510   510 I SurfaceFlinger:      DEVICE | 0x709f950a40 | 0002 | RGBA_8888 |   0.0    0.0 1080.0 2220.0 |    0    0 1080 2220 | com.example.lascosasquenovemos/andro[...]tivityInvoker$EmptyActivity$_21902#0
04-13 19:01:30.746   510   510 I SurfaceFlinger:      DEVICE | 0x709f9511c0 | 0000 | RGBA_8888 |   0.0    0.0 1080.0   72.0 |    0    0 1080   72 | StatusBar$_1402#0
04-13 19:01:30.746   510   510 I SurfaceFlinger:      DEVICE | 0x70b7a25c00 | 0000 | RGBA_8888 |   0.0    0.0   67.0  424.0 | 1013  240 1080  664 | com.samsung.android.app.cocktailbars[...]rservice.CocktailBarService$_12109#0
04-13 19:01:30.746   510   510 I SurfaceFlinger:      DEVICE | 0x70b7a22a00 | 0000 | RGBA_8888 |   0.0    0.0 1080.0  144.0 |    0 2076 1080 2220 | NavigationBar0$_1402#0
04-13 19:01:30.746   510   510 I SurfaceFlinger:
04-13 19:01:30.749   963  4174 V InputMethodManagerService: hideCurrentInputLocked : shouldHideSoftInput is false
04-13 19:01:30.749   963  4174 D InputMethodManagerService: DESKTOP MODE! : 2
04-13 19:01:30.749   963  4174 D InputMethodManagerService: NOT IN KNOX DESKTOP MODE!
04-13 19:01:30.749   963  4174 V InputMethodManagerService: getDisplayIdOfInputMethodWindowToBeAdded : 0
04-13 19:01:30.750   963  4174 D InputMethodManagerService: checkDisplayOfStartInputAndUpdateKeyboard display Id 0last 0
04-13 19:01:30.750   963  4174 D InputTransport: Input channel constructed: 'ClientS', fd=578
04-13 19:01:30.750   963  4174 D InputTransport: Input channel destroyed: 'ClientS', fd=578
04-13 19:01:30.750 21902 21902 D InputTransport: Input channel destroyed: 'ClientS', fd=91
04-13 19:01:30.751 21902 21902 I ViewRootImpl@3df90eb[InstrumentationActivityInvoker$EmptyActivity]: MSG_RESIZED: frame=(0,0,1080,2220) ci=(0,72,0,144) vi=(0,72,0,144) or=1
04-13 19:01:30.753   510   564 I SurfaceFlinger: id=312784 createSurf (0x0),-1 flag=80004, AppWindowToken{7949c6c token=Token{7bc811f ActivityRecord{5c50cbe u0 com.example.lascosasquenovemos/androidx.test.core.app.InstrumentationActivityInvoker$EmptyActivity t2157}}}#0
04-13 19:01:30.757 24790 24790 I GoogleInputMethodService: GoogleInputMethodService.onFinishInput():3182
04-13 19:01:30.759 24790 24790 I GoogleInputMethodService: GoogleInputMethodService.updateDeviceLockedStatus():2077 checkRepeatedly = false, unlocked = true
04-13 19:01:30.759 24790 24790 D InputMethodService: checkDisplayOfStartInputAndUpdateKeyboard display Id 0last 0
04-13 19:01:30.759 24790 24790 I GoogleInputMethodService: GoogleInputMethodService.onStartInput():1885 onStartInput(EditorInfo{inputType=0x0(NULL) imeOptions=0x0 privateImeOptions=null actionName=UNSPECIFIED actionLabel=null actionId=0 initialSelStart=-1 initialSelEnd=-1 initialCapsMode=0x0 hintText=null label=null packageName=com.example.lascosasquenovemos fieldId=-1 fieldName=null extras=Bundle[{NaviColor=-855310, Navbar_Color=-855310, displayId=0, NavbarColor_Success=true, Navbar_Visible=true, Navbar_Transparent=false}]}, false)
04-13 19:01:30.761 24790 24790 I GoogleInputMethodService: GoogleInputMethodService.updateDeviceLockedStatus():2077 checkRepeatedly = true, unlocked = true
04-13 19:01:30.764 21902 21952 I mali_egl: eglDestroySurface() in
04-13 19:01:30.765 21902 21952 I mali_winsys: delete_surface() [1080x2220] return
04-13 19:01:30.765 21902 21952 I mali_egl: eglDestroySurface() out
04-13 19:01:30.765   510   564 E BufferQueueProducer: [com.example.lascosasquenovemos/com.example.lascosasquenovemos.view.CrearTematicaVista$_21902#0] disconnect: not connected (req=1)
04-13 19:01:30.765 21902 21952 W libEGL  : EGLNativeWindowType 0x7744a56890 disconnect failed
04-13 19:01:30.766   963  4174 V WindowManager: Relayout Window{d6f3786 u0 com.example.lascosasquenovemos/com.example.lascosasquenovemos.view.CrearTematicaVista}: viewVisibility=8 req=1080x2220
04-13 19:01:30.769   963  4174 V WindowManager: Relayout 21902: mAttrs={(0,0)(fillxfill) sim={adjust=pan forwardNavigation} ty=BASE_APPLICATION wanim=0x1030305
04-13 19:01:30.769   963  4174 V WindowManager:   fl=81810100
04-13 19:01:30.769   963  4174 V WindowManager:   pfl=10020000
04-13 19:01:30.769   963  4174 V WindowManager:   vsysui=10 naviIconColor=0}, display=0
04-13 19:01:30.771 21902 21902 I ViewRootImpl@366cb1b[CrearTematicaVista]: Relayout returned: old=(0,0,1080,2220) new=(0,0,1080,2220) req=(1080,2220)8 dur=4 res=0x5 s={false 0} ch=true
04-13 19:01:30.774 21902 21902 D LifecycleMonitor: Lifecycle status change: androidx.test.core.app.InstrumentationActivityInvoker$EmptyActivity@ec914c4 in: PAUSED
04-13 19:01:30.775 21902 21902 V ActivityScenario: Activity lifecycle changed event received but ignored because the intent does not match. startActivityIntent=Intent { act=android.intent.action.MAIN cat=[android.intent.category.LAUNCHER] cmp=com.example.lascosasquenovemos/.view.CrearTematicaVista }, activity.getIntent()=Intent { act=android.intent.action.MAIN cat=[android.intent.category.LAUNCHER] flg=0x10000000 cmp=com.example.lascosasquenovemos/androidx.test.core.app.InstrumentationActivityInvoker$EmptyActivity }, activity=androidx.test.core.app.InstrumentationActivityInvoker$EmptyActivity@ec914c4
04-13 19:01:30.776 21902 21944 V FA      : Screen exposed for less than 1000 ms. Event not sent. time: 99
04-13 19:01:30.777 12109 26928 I TrayUsageStatesWatcher: notePauseComponent : ComponentInfo{com.example.lascosasquenovemos/androidx.test.core.app.InstrumentationActivityInvoker$EmptyActivity}, 4
04-13 19:01:30.777   963  1241 V WindowOrientationListener: getProposedRotation: -1
04-13 19:01:30.779   963  1241 D InputDispatcher: Focused application set to (0): 7949c6c
04-13 19:01:30.779   963  1241 V WindowManager: Changing focus from Window{1efac3c u0 com.example.lascosasquenovemos/androidx.test.core.app.InstrumentationActivityInvoker$EmptyActivity} to null displayId=0 Callers=com.android.server.wm.RootWindowContainer.updateFocusedWindowLocked:204 com.android.server.wm.WindowManagerService.updateFocusedWindowLocked:6458 com.android.server.wm.ActivityDisplay.setFocusedApp:1686 com.android.server.wm.ActivityTaskManagerService.setResumedActivityUncheckLocked:6980 com.android.server.wm.ActivityStack.onActivityStateChanged:664 com.android.server.wm.TaskRecord.onActivityStateChanged:2425
04-13 19:01:30.779 21902 21944 V FA      : Activity paused, time: 1153557560
04-13 19:01:30.785 21902 21902 D LifecycleMonitor: Lifecycle status change: androidx.test.core.app.InstrumentationActivityInvoker$BootstrapActivity@2223cd1 in: DESTROYED
04-13 19:01:30.786 21902 21902 V ActivityScenario: Activity lifecycle changed event received but ignored because the intent does not match. startActivityIntent=Intent { act=android.intent.action.MAIN cat=[android.intent.category.LAUNCHER] cmp=com.example.lascosasquenovemos/.view.CrearTematicaVista }, activity.getIntent()=Intent { act=android.intent.action.MAIN cat=[android.intent.category.LAUNCHER] flg=0x10008000 cmp=com.example.lascosasquenovemos/androidx.test.core.app.InstrumentationActivityInvoker$BootstrapActivity (has extras) }, activity=androidx.test.core.app.InstrumentationActivityInvoker$BootstrapActivity@2223cd1
04-13 19:01:30.787 21902 21902 W ActivityThread: handleWindowVisibility: no activity for token android.os.BinderProxy@e467bde
04-13 19:01:30.788   963  1051 I WindowManager: Focus moving from Window{1efac3c u0 com.example.lascosasquenovemos/androidx.test.core.app.InstrumentationActivityInvoker$EmptyActivity} to null displayId=0
04-13 19:01:30.788   963  1051 I WindowManager: Losing focus: Window{1efac3c u0 com.example.lascosasquenovemos/androidx.test.core.app.InstrumentationActivityInvoker$EmptyActivity}
04-13 19:01:30.790   510   565 I Layer   : id=312773 removeFromCurrentState AppWindowToken{7955af1 token=Token{b08c298 ActivityRecord{165f47b u0 com.example.lascosasquenovemos/androidx.test.core.app.InstrumentationActivityInvoker$BootstrapActivity t2157}}}#0 (68)
04-13 19:01:30.791   510   565 I SurfaceFlinger: id=312773 Removed AppWindowToken{7955af1 token=Token{b08c298 ActivityRecord{165f47b u0 com.example.lascosasquenovemos/androidx.test.core.app.InstrumentationActivityInvoker$BootstrapActivity t2157}}}#0 (68)
04-13 19:01:30.793 12109 26928 I TrayUsageStatesWatcher: noteResumeComponent : ComponentInfo{com.example.lascosasquenovemos/androidx.test.core.app.InstrumentationActivityInvoker$EmptyActivity}, 4
04-13 19:01:30.795 21902 21902 D LifecycleMonitor: Lifecycle status change: androidx.test.core.app.InstrumentationActivityInvoker$EmptyActivity@97491bf in: PRE_ON_CREATE
04-13 19:01:30.796 21902 21902 V ActivityScenario: Activity lifecycle changed event received but ignored because the intent does not match. startActivityIntent=Intent { act=android.intent.action.MAIN cat=[android.intent.category.LAUNCHER] cmp=com.example.lascosasquenovemos/.view.CrearTematicaVista }, activity.getIntent()=Intent { act=android.intent.action.MAIN cat=[android.intent.category.LAUNCHER] flg=0x10000000 cmp=com.example.lascosasquenovemos/androidx.test.core.app.InstrumentationActivityInvoker$EmptyActivity }, activity=androidx.test.core.app.InstrumentationActivityInvoker$EmptyActivity@97491bf
04-13 19:01:30.796 21902 21939 V FA      : onActivityCreated
04-13 19:01:30.802 21902 21902 D PhoneWindow: forceLight changed to true [] from com.android.internal.policy.PhoneWindow.updateForceLightNavigationBar:4274 com.android.internal.policy.DecorView.updateColorViews:1547 com.android.internal.policy.PhoneWindow.dispatchWindowAttributesChanged:3252 android.view.Window.setFlags:1153 com.android.internal.policy.PhoneWindow.generateLayout:2474
04-13 19:01:30.802 21902 21902 I MultiWindowDecorSupport: [INFO] isPopOver = false
04-13 19:01:30.802 21902 21902 I MultiWindowDecorSupport: updateCaptionType >> DecorView@d36c3d5[], isFloating: false, isApplication: true, hasWindowDecorCaption: false, hasWindowControllerCallback: true
04-13 19:01:30.803 21902 21902 D MultiWindowDecorSupport: setCaptionType = 0, DecorView = DecorView@d36c3d5[]
04-13 19:01:30.804   510   510 I Layer   : id=312773[1] Destroyed AppWindowToken{7955af1 token=Token{b08c298 ActivityRecord{165f47b u0 com.example.lascosasquenovemos/androidx.test.core.app.InstrumentationActivityInvoker$BootstrapActivity t2157}}}#0
04-13 19:01:30.805   963  4174 D InputDispatcher: Focus left window (21902): 1efac3c in display 0 0
04-13 19:01:30.808 21902 21902 D LifecycleMonitor: Lifecycle status change: androidx.test.core.app.InstrumentationActivityInvoker$EmptyActivity@97491bf in: CREATED
04-13 19:01:30.808 21902 21902 V ActivityScenario: Activity lifecycle changed event received but ignored because the intent does not match. startActivityIntent=Intent { act=android.intent.action.MAIN cat=[android.intent.category.LAUNCHER] cmp=com.example.lascosasquenovemos/.view.CrearTematicaVista }, activity.getIntent()=Intent { act=android.intent.action.MAIN cat=[android.intent.category.LAUNCHER] flg=0x10000000 cmp=com.example.lascosasquenovemos/androidx.test.core.app.InstrumentationActivityInvoker$EmptyActivity }, activity=androidx.test.core.app.InstrumentationActivityInvoker$EmptyActivity@97491bf
04-13 19:01:30.810 21902 21902 D LifecycleMonitor: Lifecycle status change: androidx.test.core.app.InstrumentationActivityInvoker$EmptyActivity@97491bf in: STARTED
04-13 19:01:30.811 21902 21902 V ActivityScenario: Activity lifecycle changed event received but ignored because the intent does not match. startActivityIntent=Intent { act=android.intent.action.MAIN cat=[android.intent.category.LAUNCHER] cmp=com.example.lascosasquenovemos/.view.CrearTematicaVista }, activity.getIntent()=Intent { act=android.intent.action.MAIN cat=[android.intent.category.LAUNCHER] flg=0x10000000 cmp=com.example.lascosasquenovemos/androidx.test.core.app.InstrumentationActivityInvoker$EmptyActivity }, activity=androidx.test.core.app.InstrumentationActivityInvoker$EmptyActivity@97491bf
04-13 19:01:30.813 21902 21944 V FA      : Activity resumed, time: 1153557597
04-13 19:01:30.813 21902 21902 D LifecycleMonitor: Lifecycle status change: androidx.test.core.app.InstrumentationActivityInvoker$EmptyActivity@97491bf in: RESUMED
04-13 19:01:30.813 21902 21902 V ActivityScenario: Activity lifecycle changed event received but ignored because the intent does not match. startActivityIntent=Intent { act=android.intent.action.MAIN cat=[android.intent.category.LAUNCHER] cmp=com.example.lascosasquenovemos/.view.CrearTematicaVista }, activity.getIntent()=Intent { act=android.intent.action.MAIN cat=[android.intent.category.LAUNCHER] flg=0x10000000 cmp=com.example.lascosasquenovemos/androidx.test.core.app.InstrumentationActivityInvoker$EmptyActivity }, activity=androidx.test.core.app.InstrumentationActivityInvoker$EmptyActivity@97491bf
04-13 19:01:30.818   963  1241 D InputTransport: Input channel constructed: 'e244bb3', fd=562
04-13 19:01:30.818   963  1241 D InputTransport: Input channel constructed: 'e244bb3', fd=578
04-13 19:01:30.818   510   565 I SurfaceFlinger: id=312785 createSurf (0x0),-1 flag=80004, e244bb3 com.example.lascosasquenovemos/androidx.test.core.app.InstrumentationActivityInvoker$EmptyActivity#0
04-13 19:01:30.819   963  1241 D InputTransport: Input channel destroyed: 'e244bb3', fd=578
04-13 19:01:30.820 21902 21902 I ViewRootImpl@58e0978[InstrumentationActivityInvoker$EmptyActivity]: setView = com.android.internal.policy.DecorView@d36c3d5 TM=true MM=false
04-13 19:01:30.825 21902 21902 I ViewRootImpl@366cb1b[CrearTematicaVista]: stopped(true) old=false
04-13 19:01:30.826 21902 21902 D LifecycleMonitor: Lifecycle status change: com.example.lascosasquenovemos.view.CrearTematicaVista@5afc41 in: STOPPED
04-13 19:01:30.827 21902 21902 V ActivityScenario: Update currentActivityStage to STOPPED, currentActivity=com.example.lascosasquenovemos.view.CrearTematicaVista@5afc41
04-13 19:01:30.836 21902 21902 D LifecycleMonitor: Lifecycle status change: com.example.lascosasquenovemos.view.CrearTematicaVista@5afc41 in: DESTROYED
04-13 19:01:30.837 21902 21902 V ActivityScenario: Update currentActivityStage to DESTROYED, currentActivity=null
04-13 19:01:30.840 21902 21902 I ViewRootImpl@366cb1b[CrearTematicaVista]: dispatchDetachedFromWindow
04-13 19:01:30.841   963  1241 D InputTransport: Input channel destroyed: 'd6f3786', fd=814
04-13 19:01:30.842   510   565 I Layer   : id=312779 removeFromCurrentState com.example.lascosasquenovemos/com.example.lascosasquenovemos.view.CrearTematicaVista$_21902#0 (68)
04-13 19:01:30.842   510   564 I SurfaceFlinger: id=312779 Removed com.example.lascosasquenovemos/com.example.lascosasquenovemos.view.CrearTematicaVista$_21902#0 (68)
04-13 19:01:30.844   510   564 I Layer   : id=312778 removeFromCurrentState d6f3786 com.example.lascosasquenovemos/com.example.lascosasquenovemos.view.CrearTematicaVista#0 (68)
04-13 19:01:30.844   510   564 I SurfaceFlinger: id=312778 Removed d6f3786 com.example.lascosasquenovemos/com.example.lascosasquenovemos.view.CrearTematicaVista#0 (68)
04-13 19:01:30.844 21902 21902 D InputTransport: Input channel destroyed: 'd6f3786', fd=81
04-13 19:01:30.845 21902 21902 I ViewRootImpl@3df90eb[InstrumentationActivityInvoker$EmptyActivity]: MSG_WINDOW_FOCUS_CHANGED 0 1
04-13 19:01:30.846 21902 21902 D InputMethodManager: prepareNavigationBarInfo() DecorView@e32eb2e[InstrumentationActivityInvoker$EmptyActivity]
04-13 19:01:30.846 21902 21902 D InputMethodManager: getNavigationBarColor() -855310
04-13 19:01:30.847   510   564 I Layer   : id=312776 removeFromCurrentState AppWindowToken{bd3ba75 token=Token{7b69dac ActivityRecord{38cbf5f u0 com.example.lascosasquenovemos/.view.CrearTematicaVista t2157}}}#0 (68)
04-13 19:01:30.847   510   564 I SurfaceFlinger: id=312776 Removed AppWindowToken{bd3ba75 token=Token{7b69dac ActivityRecord{38cbf5f u0 com.example.lascosasquenovemos/.view.CrearTematicaVista t2157}}}#0 (68)
04-13 19:01:30.852   963  1241 V WindowManager: Relayout Window{e244bb3 u0 com.example.lascosasquenovemos/androidx.test.core.app.InstrumentationActivityInvoker$EmptyActivity}: viewVisibility=0 req=1080x2220
04-13 19:01:30.854   510   510 I Layer   : id=312776[1] Destroyed AppWindowToken{bd3ba75 token=Token{7b69dac ActivityRecord{38cbf5f u0 com.example.lascosasquenovemos/.view.CrearTematicaVista t2157}}}#0
04-13 19:01:30.854   510   510 I Layer   : id=312778[1] Destroyed d6f3786 com.example.lascosasquenovemos/com.example.lascosasquenovemos.view.CrearTematicaVista#0
04-13 19:01:30.855   510   510 I Layer   : id=312779[1] Destroyed com.example.lascosasquenovemos/com.example.lascosasquenovemos.view.CrearTematicaVista$_21902#0
04-13 19:01:30.855   510  2561 I SurfaceFlinger: id=312786 createSurf (1080x2220),1 flag=404, com.example.lascosasquenovemos/androidx.test.core.app.InstrumentationActivityInvoker$EmptyActivity$_21902#1
04-13 19:01:30.858   963  1241 V WindowManager: Changing focus from null to Window{e244bb3 u0 com.example.lascosasquenovemos/androidx.test.core.app.InstrumentationActivityInvoker$EmptyActivity} displayId=0 Callers=com.android.server.wm.RootWindowContainer.updateFocusedWindowLocked:204 com.android.server.wm.WindowManagerService.updateFocusedWindowLocked:6458 com.android.server.wm.WindowManagerService.relayoutWindow:2618 com.android.server.wm.Session.relayout:202 android.view.IWindowSession$Stub.onTransact:716 com.android.server.wm.Session.onTransact:142
04-13 19:01:30.858   963  1049 D WindowManager: setSystemUiVisibility: displayId=0, vis=0x8018, fullVis=0x0, dockVis=0x0, win=Window{e244bb3 u0 com.example.lascosasquenovemos/androidx.test.core.app.InstrumentationActivityInvoker$EmptyActivity}
04-13 19:01:30.859 24958 21951 V FA-SVC  : Logging event: origin=auto,name=screen_view(_vs),params=Bundle[{ga_event_origin(_o)=auto, ga_previous_class(_pc)=EmptyActivity, ga_previous_id(_pi)=-737939500522848622, ga_screen_class(_sc)=EmptyActivity, ga_screen_id(_si)=-737939500522848621}]
04-13 19:01:30.859   963  1241 V WindowManager: Relayout 21902: mAttrs={(0,0)(fillxfill) sim={adjust=pan forwardNavigation} ty=BASE_APPLICATION wanim=0x1030001
04-13 19:01:30.859   963  1241 V WindowManager:   fl=1810100
04-13 19:01:30.859   963  1241 V WindowManager:   pfl=10020000
04-13 19:01:30.859   963  1241 V WindowManager:   vsysui=10 naviIconColor=0}, display=0
04-13 19:01:30.860   963  1051 I WindowManager: Focus moving from null to Window{e244bb3 u0 com.example.lascosasquenovemos/androidx.test.core.app.InstrumentationActivityInvoker$EmptyActivity} displayId=0
04-13 19:01:30.860   963  1051 I WindowManager: Gaining focus: Window{e244bb3 u0 com.example.lascosasquenovemos/androidx.test.core.app.InstrumentationActivityInvoker$EmptyActivity}
04-13 19:01:30.862 21902 21902 I ViewRootImpl@58e0978[InstrumentationActivityInvoker$EmptyActivity]: Relayout returned: old=(0,0,1080,2220) new=(0,0,1080,2220) req=(1080,2220)0 dur=10 res=0x7 s={true 512184750080} ch=true
04-13 19:01:30.864 21902 21952 I mali_winsys: new_window_surface() [1080x2220] return: 0x3000
04-13 19:01:30.871 24958 21951 V FA-SVC  : Upload scheduled in approximately ms: 1624124
04-13 19:01:30.871 24958 21951 V FA-SVC  : Unscheduling upload
04-13 19:01:30.873   963  1241 D WindowManager: finishDrawingWindow: Window{e244bb3 u0 com.example.lascosasquenovemos/androidx.test.core.app.InstrumentationActivityInvoker$EmptyActivity} mDrawState=DRAW_PENDING
04-13 19:01:30.874 24958 21951 V FA-SVC  : Scheduling upload, millis: 1624124
04-13 19:01:30.875 24958 21951 V FA-SVC  : Background event processing time, ms: 16
04-13 19:01:30.882   963  1052 D PkgPredictorService: pkg:com.example.lascosasquenovemos activity:androidx.test.core.app.InstrumentationActivityInvoker$EmptyActivity thisTime:-1
04-13 19:01:30.882  2201 21547 W NetworkScheduler: Error inserting flex_time=1624000 job_id=-1 period=3249000 source=16 requires_charging=0 preferred_network_type=1 target_class=com.google.android.gms.measurement.PackageMeasurementTaskService user_id=0 target_package=com.google.android.gms tag=Measurement.PackageMeasurementTaskService.UPLOAD_TASK_TAG task_type=0 required_idleness_state=0 service_kind=0 source_version=220920000 persistence_level=1 preferred_charging_state=1 required_network_type=0 runtime=1649869290878 retry_strategy={"maximum_backoff_seconds":{"3600":0},"initial_backoff_seconds":{"30":0},"retry_policy":{"0":0}} last_runtime=0, error message: UNIQUE constraint failed: pending_ops.tag, pending_ops.target_class, pending_ops.target_package, pending_ops.user_id (code 2067 SQLITE_CONSTRAINT_UNIQUE[2067]) [CONTEXT service_id=218 ]
04-13 19:01:30.887 21902 21902 I ViewRootImpl@58e0978[InstrumentationActivityInvoker$EmptyActivity]: MSG_WINDOW_FOCUS_CHANGED 1 1
04-13 19:01:30.887 21902 21902 D InputMethodManager: prepareNavigationBarInfo() DecorView@d36c3d5[InstrumentationActivityInvoker$EmptyActivity]
04-13 19:01:30.888 21902 21902 D InputMethodManager: getNavigationBarColor() -855310
04-13 19:01:30.889 21902 21902 D InputMethodManager: prepareNavigationBarInfo() DecorView@d36c3d5[InstrumentationActivityInvoker$EmptyActivity]
04-13 19:01:30.889   963   997 D InputDispatcher: Focus entered window (21902): e244bb3 in display 0 0
04-13 19:01:30.889 21902 21902 D InputMethodManager: getNavigationBarColor() -855310
04-13 19:01:30.889 21902 21902 V InputMethodManager: Starting input: tba=com.example.lascosasquenovemos ic=null mNaviBarColor -855310 mIsGetNaviBarColorSuccess true , NavVisible : true , NavTrans : false
04-13 19:01:30.889 21902 21902 D InputMethodManager: startInputInner - Id : 0
04-13 19:01:30.889 21902 21902 I InputMethodManager: startInputInner - mService.startInputOrWindowGainedFocus
04-13 19:01:30.890   963  4174 D InputMethodManagerService: mSecureKeypadEnabled = false
04-13 19:01:30.891   963  4174 V InputMethodManagerService: hideCurrentInputLocked : shouldHideSoftInput is false
04-13 19:01:30.891   963  4174 D InputMethodManagerService: DESKTOP MODE! : 2
04-13 19:01:30.891   963  4174 D InputMethodManagerService: NOT IN KNOX DESKTOP MODE!
04-13 19:01:30.891   963  4174 V InputMethodManagerService: getDisplayIdOfInputMethodWindowToBeAdded : 0
04-13 19:01:30.892   963  4174 D InputMethodManagerService: checkDisplayOfStartInputAndUpdateKeyboard display Id 0last 0
04-13 19:01:30.892   963  4174 D InputTransport: Input channel constructed: 'ClientS', fd=578
04-13 19:01:30.892   963  4174 D InputTransport: Input channel destroyed: 'ClientS', fd=578
04-13 19:01:30.892 21902 21902 D InputTransport: Input channel destroyed: 'ClientS', fd=95
04-13 19:01:30.893 21902 21902 I ViewRootImpl@58e0978[InstrumentationActivityInvoker$EmptyActivity]: MSG_RESIZED: frame=(0,0,1080,2220) ci=(0,72,0,144) vi=(0,72,0,144) or=1
04-13 19:01:30.893 24790 24790 I GoogleInputMethodService: GoogleInputMethodService.onFinishInput():3182
04-13 19:01:30.895 24790 24790 I GoogleInputMethodService: GoogleInputMethodService.updateDeviceLockedStatus():2077 checkRepeatedly = false, unlocked = true
04-13 19:01:30.896 24790 24790 D InputMethodService: checkDisplayOfStartInputAndUpdateKeyboard display Id 0last 0
04-13 19:01:30.897 24790 24790 I GoogleInputMethodService: GoogleInputMethodService.onStartInput():1885 onStartInput(EditorInfo{inputType=0x0(NULL) imeOptions=0x0 privateImeOptions=null actionName=UNSPECIFIED actionLabel=null actionId=0 initialSelStart=-1 initialSelEnd=-1 initialCapsMode=0x0 hintText=null label=null packageName=com.example.lascosasquenovemos fieldId=-1 fieldName=null extras=Bundle[{NaviColor=-855310, Navbar_Color=-855310, displayId=0, NavbarColor_Success=true, Navbar_Visible=true, Navbar_Transparent=false}]}, false)
04-13 19:01:30.897   963  4174 D InputDispatcher: Focused application set to (0): dd66828
04-13 19:01:30.897   963  4174 V WindowManager: Changing focus from Window{e244bb3 u0 com.example.lascosasquenovemos/androidx.test.core.app.InstrumentationActivityInvoker$EmptyActivity} to null displayId=0 Callers=com.android.server.wm.RootWindowContainer.updateFocusedWindowLocked:204 com.android.server.wm.WindowManagerService.updateFocusedWindowLocked:6458 com.android.server.wm.ActivityDisplay.setFocusedApp:1686 com.android.server.wm.ActivityTaskManagerService.setResumedActivityUncheckLocked:6980 com.android.server.wm.ActivityStack.adjustFocusedActivityStack:4470 com.android.server.wm.ActivityStack.finishActivityLocked:4839
04-13 19:01:30.898 24790 24790 I GoogleInputMethodService: GoogleInputMethodService.updateDeviceLockedStatus():2077 checkRepeatedly = true, unlocked = true
04-13 19:01:30.899   510   510 I SurfaceFlinger: Display 0 HWC layers:
04-13 19:01:30.899   510   510 I SurfaceFlinger:     type    |    handle    | flag |  format   |   source crop (l,t,r,b)    |         frame       | name
04-13 19:01:30.899   510   510 I SurfaceFlinger: ------------+--------------+------+-----------+----------------------------+---------------------+------
04-13 19:01:30.899   510   510 I SurfaceFlinger:      DEVICE | 0x709f950680 | 0002 | RGBA_8888 |   0.0    0.0 1080.0 2220.0 |    0    0 1080 2220 | com.example.lascosasquenovemos/andro[...]tivityInvoker$EmptyActivity$_21902#1
04-13 19:01:30.899   510   510 I SurfaceFlinger:      DEVICE | 0x709f9511c0 | 0000 | RGBA_8888 |   0.0    0.0 1080.0   72.0 |    0    0 1080   72 | StatusBar$_1402#0
04-13 19:01:30.899   510   510 I SurfaceFlinger:      DEVICE | 0x70b7a25c00 | 0000 | RGBA_8888 |   0.0    0.0   67.0  424.0 | 1013  240 1080  664 | com.samsung.android.app.cocktailbars[...]rservice.CocktailBarService$_12109#0
04-13 19:01:30.899   510   510 I SurfaceFlinger:      DEVICE | 0x70b7a22a00 | 0000 | RGBA_8888 |   0.0    0.0 1080.0  144.0 |    0 2076 1080 2220 | NavigationBar0$_1402#0
04-13 19:01:30.899   510   510 I SurfaceFlinger:
04-13 19:01:30.901  1402  1402 D DividerPanelController: showDividerPanelView - isVisible : false, isAnimate : false, isTransient : false
04-13 19:01:30.901  1402  1402 D DividerPanelView: updateDividerPanelVisibility - isVisible : false
04-13 19:01:30.903   963  1051 I WindowManager: Focus moving from Window{e244bb3 u0 com.example.lascosasquenovemos/androidx.test.core.app.InstrumentationActivityInvoker$EmptyActivity} to null displayId=0
04-13 19:01:30.903   963  1051 I WindowManager: Losing focus: Window{e244bb3 u0 com.example.lascosasquenovemos/androidx.test.core.app.InstrumentationActivityInvoker$EmptyActivity}
04-13 19:01:30.905 21902 21952 I mali_egl: eglDestroySurface() in
04-13 19:01:30.906 21902 21952 I mali_winsys: delete_surface() [1080x2220] return
04-13 19:01:30.907 21902 21952 I mali_egl: eglDestroySurface() out
04-13 19:01:30.907   510   565 E BufferQueueProducer: [com.example.lascosasquenovemos/androidx.test.core.app.InstrumentationActivityInvoker$EmptyActivity$_21902#0] disconnect: not connected (req=1)
04-13 19:01:30.907 21902 21952 W libEGL  : EGLNativeWindowType 0x77d7f5b450 disconnect failed
04-13 19:01:30.908   963  4174 V WindowManager: Relayout Window{1efac3c u0 com.example.lascosasquenovemos/androidx.test.core.app.InstrumentationActivityInvoker$EmptyActivity}: viewVisibility=8 req=1080x2220
04-13 19:01:30.911   963  4174 V WindowManager: Relayout 21902: mAttrs={(0,0)(fillxfill) sim={adjust=pan forwardNavigation} ty=BASE_APPLICATION wanim=0x1030001
04-13 19:01:30.911   963  4174 V WindowManager:   fl=1810100
04-13 19:01:30.911   963  4174 V WindowManager:   pfl=10020000
04-13 19:01:30.911   963  4174 V WindowManager:   vsysui=10 naviIconColor=0}, display=0
04-13 19:01:30.912 21902 21902 I ViewRootImpl@3df90eb[InstrumentationActivityInvoker$EmptyActivity]: Relayout returned: old=(0,0,1080,2220) new=(0,0,1080,2220) req=(1080,2220)8 dur=5 res=0x5 s={false 0} ch=true
04-13 19:01:30.915 21902 21902 D LifecycleMonitor: Lifecycle status change: androidx.test.core.app.InstrumentationActivityInvoker$EmptyActivity@97491bf in: PAUSED
04-13 19:01:30.916 21902 21902 V ActivityScenario: Activity lifecycle changed event received but ignored because the intent does not match. startActivityIntent=Intent { act=android.intent.action.MAIN cat=[android.intent.category.LAUNCHER] cmp=com.example.lascosasquenovemos/.view.CrearTematicaVista }, activity.getIntent()=Intent { act=android.intent.action.MAIN cat=[android.intent.category.LAUNCHER] flg=0x10000000 cmp=com.example.lascosasquenovemos/androidx.test.core.app.InstrumentationActivityInvoker$EmptyActivity }, activity=androidx.test.core.app.InstrumentationActivityInvoker$EmptyActivity@97491bf
04-13 19:01:30.918 21902 21944 V FA      : Screen exposed for less than 1000 ms. Event not sent. time: 103
04-13 19:01:30.918 12109 26928 I TrayUsageStatesWatcher: notePauseComponent : ComponentInfo{com.example.lascosasquenovemos/androidx.test.core.app.InstrumentationActivityInvoker$EmptyActivity}, 4
04-13 19:01:30.920 21902 21944 V FA      : Activity paused, time: 1153557702
04-13 19:01:30.921   963   997 V WindowOrientationListener: getProposedRotation: -1
04-13 19:01:30.921   963  4174 D InputDispatcher: Focus left window (21902): e244bb3 in display 0 0
04-13 19:01:30.926 21902 21902 I ViewRootImpl@58e0978[InstrumentationActivityInvoker$EmptyActivity]: MSG_WINDOW_FOCUS_CHANGED 0 1
04-13 19:01:30.926 21902 21902 D InputMethodManager: prepareNavigationBarInfo() DecorView@d36c3d5[InstrumentationActivityInvoker$EmptyActivity]
04-13 19:01:30.926 21902 21902 D InputMethodManager: getNavigationBarColor() -855310
04-13 19:01:30.927 21902 21942 I TestRunner: finished: testIntegracionCrearTematicaFunciona(com.example.lascosasquenovemos.vistaTest.integrationTest.PruebaIntegracionCrearTematica)
