04-13 19:01:22.935 21902 21942 W cosasquenovemo: Accessing hidden method Landroid/view/ViewConfiguration;->getDoubleTapMinTime()I (greylist, reflection, allowed)
04-13 19:01:22.937  2201  4734 I FontLog : Pulling font file for id = 566, cache size = 5 [CONTEXT service_id=132 ]
04-13 19:01:22.938   963  2980 V WindowManager: Relayout Window{2c758c6 u0 com.whatsapp/com.whatsapp.Conversation}: viewVisibility=8 req=1080x2220
04-13 19:01:22.943   963  2980 V WindowManager: Relayout 22754: mAttrs={(0,0)(fillxfill) sim={state=always_hidden adjust=pan} layoutInDisplayCutoutMode=always ty=BASE_APPLICATION fmt=TRANSPARENT wanim=0x1030305
04-13 19:01:22.943   963  2980 V WindowManager:   fl=81810100
04-13 19:01:22.943   963  2980 V WindowManager:   pfl=20000
04-13 19:01:22.943   963  2980 V WindowManager:   vsysui=10 naviIconColor=0}, display=0
04-13 19:01:22.945 21902 21902 I ViewInteraction: Performing 'single click' action on view view.getId() is <2131230858/com.example.lascosasquenovemos:id/buttonCrearTematica>
04-13 19:01:22.953   963  2928 D InputDispatcher: Inject motion (21902): action=0x0, time=699482548000000, f=0x0, d=0
04-13 19:01:22.953   963  1221 D InputDispatcher: pointer touchable region used!
04-13 19:01:22.953   963  1221 I InputDispatcher: Delivering touch to (1402): action: 0x4, f=0x0, d=0, '56f97db', t=0
04-13 19:01:22.953   963  1221 I InputDispatcher: Delivering touch to (1402): action: 0x4, f=0x0, d=0, '799efa1', t=0
04-13 19:01:22.953   963  1221 I InputDispatcher: Delivering touch to (21902): action: 0x0, f=0x0, d=0, '2f82af4', t=0
04-13 19:01:22.954 22754 22754 I ViewRootImpl@9fc99f7[Conversation]: Relayout returned: old=(0,0,1080,2220) new=(0,0,1080,2220) req=(1080,2220)8 dur=7 res=0x5 s={false 0} ch=false
04-13 19:01:22.955  2201  4734 I FontLog : Pulling font file for id = 566, cache size = 5 [CONTEXT service_id=132 ]
04-13 19:01:22.955 21902 21902 I ViewRootImpl@d9451c4[CrearTematicaVista]: ViewPostIme pointer 0
04-13 19:01:22.962   510   564 I Layer   : id=312743 removeFromCurrentState com.whatsapp/com.whatsapp.Conversation$_22754#0 (65)
04-13 19:01:22.962   510  1854 I SurfaceFlinger: id=312743 Removed com.whatsapp/com.whatsapp.Conversation$_22754#0 (65)
04-13 19:01:22.966   963  1049 D CodecSolution: isMaxAspectPackageEx: com.example.lascosasquenovemos : true(2)
04-13 19:01:22.971   510   510 I Layer   : id=312743[1] Destroyed com.whatsapp/com.whatsapp.Conversation$_22754#0
04-13 19:01:23.019   963  2928 D InputDispatcher: Inject motion (21902): action=0x1, time=699482616000000, f=0x0, d=0
04-13 19:01:23.019   963  1221 I InputDispatcher: Delivering touch to (21902): action: 0x1, f=0x0, d=0, '2f82af4', t=1
04-13 19:01:23.019 21902 21902 I ViewRootImpl@d9451c4[CrearTematicaVista]: ViewPostIme pointer 1
04-13 19:01:23.021   783   835 E statsd  : Found dropped events: 1 error -19 last atom tag 83 from uid 10823
04-13 19:01:23.087   510   510 I SurfaceFlinger: SFWD update time=699482685772804
04-13 19:01:24.324 21806 21835 I nder:appservic: Waiting for a blocking GC ProfileSaver
04-13 19:01:24.337 21806 21835 I nder:appservic: WaitForGcToComplete blocked ProfileSaver on AddRemoveAppImageSpace for 13.237ms
04-13 19:01:24.753   963   963 I MotionRecognitionService: Plugged
04-13 19:01:24.754   963   963 D MotionRecognitionService:   mCableConnection= 1
04-13 19:01:24.754   963   963 D MotionRecognitionService: set cable connected : mGripEnabled = false
04-13 19:01:24.763   963  1572 D SLocation: SGeofenceManager - sgfm received : android.intent.action.BATTERY_CHANGED
04-13 19:01:24.766  1382  1382 D BigDataInfoController: Intent : android.intent.action.BATTERY_CHANGED
04-13 19:01:24.767  1402  1402 D KeyguardUpdateMonitor: received broadcast android.intent.action.BATTERY_CHANGED
04-13 19:01:24.767  1402  1402 D KeyguardUpdateMonitor: handleBatteryUpdate
04-13 19:01:24.781  1693  2289 I EPDG -- SIM0 [EpdgSubScription]: android.intent.action.BATTERY_CHANGED intent received.
04-13 19:01:24.783  1382  1382 D BigDataInfoController: Intent : android.intent.action.BATTERY_CHANGED
04-13 19:01:24.788  1402  1402 D PowerUI : priorPlugType = 2 mPlugType = 2 priorBatteryStatus = 2 mBatteryStatus = 2
04-13 19:01:24.790  1402  1402 D PowerUI.Notification: showChargingNotice oldChargingType : 1 currentChargingType : 1 oldChargingTime : -1 mChargingTime : -1
04-13 19:01:24.790  1402  1402 D PowerUI.Notification: There is no change about charging status, so return!
04-13 19:01:24.790  1402  1402 D PowerUI : Battery swelling mode - priorBatterySwellingMode = 0 mBatterySwellingMode = 0 mBatteryStatus = 2
04-13 19:01:24.790  1402  1402 I PowerUI : misc_event = 983040
04-13 19:01:24.794  1402  1402 D QSContainerImpl: getDisplayHeight portrait? true  displayHeight= 2220
04-13 19:01:25.091   963  1264 D TelephonyManager: getAllCellInfo : Caller (PID / UID / TID): 963 / 1000 / 1264
04-13 19:01:26.280 21902 21902 I ViewInteraction: Checking 'MatchesViewAssertion{viewMatcher=an instance of android.widget.TextView and view.getText() with or without transformation to match: is "Fallo"}' assertion on view view.getId() is <2131231212/com.example.lascosasquenovemos:id/testViewTestError>
04-13 19:01:26.284 21902 21942 W cosasquenovemo: Accessing hidden method Lsun/misc/Unsafe;->compareAndSwapObject(Ljava/lang/Object;JLjava/lang/Object;Ljava/lang/Object;)Z (greylist, linking, allowed)
04-13 19:01:26.284 21902 21996 W cosasquenovemo: Accessing hidden method Lsun/misc/Unsafe;->compareAndSwapObject(Ljava/lang/Object;JLjava/lang/Object;Ljava/lang/Object;)Z (greylist, linking, allowed)
04-13 19:01:26.285 21902 21942 W cosasquenovemo: Accessing hidden method Lsun/misc/Unsafe;->getObject(Ljava/lang/Object;J)Ljava/lang/Object; (greylist, linking, allowed)
04-13 19:01:26.340   510   564 I SurfaceFlinger: id=312762 createSurf (0x0),-1 flag=80004, AppWindowToken{acdf99a token=Token{257e45 ActivityRecord{c08cebc u0 com.example.lascosasquenovemos/androidx.test.core.app.InstrumentationActivityInvoker$EmptyActivity t2156}}}#0
04-13 19:01:26.349 21902 21902 D LifecycleMonitor: Lifecycle status change: com.example.lascosasquenovemos.view.CrearTematicaVista@e0df836 in: PAUSED
04-13 19:01:26.349 21902 21944 V FA      : Recording user engagement, ms: 3801
04-13 19:01:26.350 21902 21902 V ActivityScenario: Update currentActivityStage to PAUSED, currentActivity=com.example.lascosasquenovemos.view.CrearTematicaVista@e0df836
04-13 19:01:26.351 12109 26928 I TrayUsageStatesWatcher: notePauseComponent : ComponentInfo{com.example.lascosasquenovemos/com.example.lascosasquenovemos.view.CrearTematicaVista}, 4
04-13 19:01:26.352   963  4174 V WindowOrientationListener: getProposedRotation: -1
04-13 19:01:26.354   963  4174 D InputDispatcher: Focused application set to (0): acdf99a
04-13 19:01:26.354   963  4174 V WindowManager: Changing focus from Window{2f82af4 u0 com.example.lascosasquenovemos/com.example.lascosasquenovemos.view.CrearTematicaVista} to null displayId=0 Callers=com.android.server.wm.RootWindowContainer.updateFocusedWindowLocked:204 com.android.server.wm.WindowManagerService.updateFocusedWindowLocked:6458 com.android.server.wm.ActivityDisplay.setFocusedApp:1686 com.android.server.wm.ActivityTaskManagerService.setResumedActivityUncheckLocked:6980 com.android.server.wm.ActivityStack.onActivityStateChanged:664 com.android.server.wm.TaskRecord.onActivityStateChanged:2425
04-13 19:01:26.358 21902 21902 W ActivityThread: handleWindowVisibility: no activity for token android.os.BinderProxy@fa7918b
04-13 19:01:26.362   963  1051 I WindowManager: Focus moving from Window{2f82af4 u0 com.example.lascosasquenovemos/com.example.lascosasquenovemos.view.CrearTematicaVista} to null displayId=0
04-13 19:01:26.362   963  1051 I WindowManager: Losing focus: Window{2f82af4 u0 com.example.lascosasquenovemos/com.example.lascosasquenovemos.view.CrearTematicaVista}
04-13 19:01:26.366 12109 26928 I TrayUsageStatesWatcher: noteResumeComponent : ComponentInfo{com.example.lascosasquenovemos/androidx.test.core.app.InstrumentationActivityInvoker$EmptyActivity}, 4
04-13 19:01:26.368 21902 21902 D LifecycleMonitor: Lifecycle status change: androidx.test.core.app.InstrumentationActivityInvoker$EmptyActivity@4fbbb67 in: PRE_ON_CREATE
04-13 19:01:26.369 21902 21902 V ActivityScenario: Activity lifecycle changed event received but ignored because the intent does not match. startActivityIntent=Intent { act=android.intent.action.MAIN cat=[android.intent.category.LAUNCHER] cmp=com.example.lascosasquenovemos/.view.CrearTematicaVista }, activity.getIntent()=Intent { act=android.intent.action.MAIN cat=[android.intent.category.LAUNCHER] flg=0x10000000 cmp=com.example.lascosasquenovemos/androidx.test.core.app.InstrumentationActivityInvoker$EmptyActivity }, activity=androidx.test.core.app.InstrumentationActivityInvoker$EmptyActivity@4fbbb67
04-13 19:01:26.370 21902 21939 V FA      : onActivityCreated
04-13 19:01:26.375 21902 21902 D PhoneWindow: forceLight changed to true [] from com.android.internal.policy.PhoneWindow.updateForceLightNavigationBar:4274 com.android.internal.policy.DecorView.updateColorViews:1547 com.android.internal.policy.PhoneWindow.dispatchWindowAttributesChanged:3252 android.view.Window.setFlags:1153 com.android.internal.policy.PhoneWindow.generateLayout:2474
04-13 19:01:26.375 21902 21902 I MultiWindowDecorSupport: [INFO] isPopOver = false
04-13 19:01:26.376 21902 21902 I MultiWindowDecorSupport: updateCaptionType >> DecorView@305e9bd[], isFloating: false, isApplication: true, hasWindowDecorCaption: false, hasWindowControllerCallback: true
04-13 19:01:26.376 21902 21902 D MultiWindowDecorSupport: setCaptionType = 0, DecorView = DecorView@305e9bd[]
04-13 19:01:26.378   963  4174 D InputDispatcher: Focus left window (21902): 2f82af4 in display 0 0
04-13 19:01:26.381 21902 21902 D LifecycleMonitor: Lifecycle status change: androidx.test.core.app.InstrumentationActivityInvoker$EmptyActivity@4fbbb67 in: CREATED
04-13 19:01:26.382 21902 21902 V ActivityScenario: Activity lifecycle changed event received but ignored because the intent does not match. startActivityIntent=Intent { act=android.intent.action.MAIN cat=[android.intent.category.LAUNCHER] cmp=com.example.lascosasquenovemos/.view.CrearTematicaVista }, activity.getIntent()=Intent { act=android.intent.action.MAIN cat=[android.intent.category.LAUNCHER] flg=0x10000000 cmp=com.example.lascosasquenovemos/androidx.test.core.app.InstrumentationActivityInvoker$EmptyActivity }, activity=androidx.test.core.app.InstrumentationActivityInvoker$EmptyActivity@4fbbb67
04-13 19:01:26.385 21902 21902 D LifecycleMonitor: Lifecycle status change: androidx.test.core.app.InstrumentationActivityInvoker$EmptyActivity@4fbbb67 in: STARTED
04-13 19:01:26.385 21902 21902 V ActivityScenario: Activity lifecycle changed event received but ignored because the intent does not match. startActivityIntent=Intent { act=android.intent.action.MAIN cat=[android.intent.category.LAUNCHER] cmp=com.example.lascosasquenovemos/.view.CrearTematicaVista }, activity.getIntent()=Intent { act=android.intent.action.MAIN cat=[android.intent.category.LAUNCHER] flg=0x10000000 cmp=com.example.lascosasquenovemos/androidx.test.core.app.InstrumentationActivityInvoker$EmptyActivity }, activity=androidx.test.core.app.InstrumentationActivityInvoker$EmptyActivity@4fbbb67
04-13 19:01:26.388 21902 21902 D LifecycleMonitor: Lifecycle status change: androidx.test.core.app.InstrumentationActivityInvoker$EmptyActivity@4fbbb67 in: RESUMED
04-13 19:01:26.388 21902 21902 V ActivityScenario: Activity lifecycle changed event received but ignored because the intent does not match. startActivityIntent=Intent { act=android.intent.action.MAIN cat=[android.intent.category.LAUNCHER] cmp=com.example.lascosasquenovemos/.view.CrearTematicaVista }, activity.getIntent()=Intent { act=android.intent.action.MAIN cat=[android.intent.category.LAUNCHER] flg=0x10000000 cmp=com.example.lascosasquenovemos/androidx.test.core.app.InstrumentationActivityInvoker$EmptyActivity }, activity=androidx.test.core.app.InstrumentationActivityInvoker$EmptyActivity@4fbbb67
04-13 19:01:26.392 21902 21944 V FA      : Activity paused, time: 1153553133
04-13 19:01:26.393 21902 21944 V FA      : Activity resumed, time: 1153553171
04-13 19:01:26.393   963  2928 D InputTransport: Input channel constructed: '845dff9', fd=608
04-13 19:01:26.394   963  2928 D InputTransport: Input channel constructed: '845dff9', fd=652
04-13 19:01:26.394   510  1854 I SurfaceFlinger: id=312763 createSurf (0x0),-1 flag=80004, 845dff9 com.example.lascosasquenovemos/androidx.test.core.app.InstrumentationActivityInvoker$EmptyActivity#0
04-13 19:01:26.395   963  2928 D InputTransport: Input channel destroyed: '845dff9', fd=652
04-13 19:01:26.396 21902 21902 I ViewRootImpl@4eb9f0a[InstrumentationActivityInvoker$EmptyActivity]: setView = com.android.internal.policy.DecorView@305e9bd TM=true MM=false
04-13 19:01:26.396 24958 21951 V FA-SVC  : Logging event: origin=auto,name=user_engagement(_e),params=Bundle[{ga_event_origin(_o)=auto, engagement_time_msec(_et)=3801, ga_screen_class(_sc)=CrearTematicaVista, ga_screen_id(_si)=-737939500522848627}]
04-13 19:01:26.397 21902 21902 I ViewRootImpl@d9451c4[CrearTematicaVista]: MSG_WINDOW_FOCUS_CHANGED 0 1
04-13 19:01:26.398 21902 21902 D InputMethodManager: prepareNavigationBarInfo() DecorView@657722f[CrearTematicaVista]
04-13 19:01:26.398 21902 21902 D InputMethodManager: getNavigationBarColor() -855310
04-13 19:01:26.408   963  2928 V WindowManager: Relayout Window{845dff9 u0 com.example.lascosasquenovemos/androidx.test.core.app.InstrumentationActivityInvoker$EmptyActivity}: viewVisibility=0 req=1080x2220
04-13 19:01:26.409 24958 21951 V FA-SVC  : Upload scheduled in approximately ms: 1628586
04-13 19:01:26.409 24958 21951 V FA-SVC  : Unscheduling upload
04-13 19:01:26.411   510  1854 I SurfaceFlinger: id=312764 createSurf (1080x2220),1 flag=404, com.example.lascosasquenovemos/androidx.test.core.app.InstrumentationActivityInvoker$EmptyActivity$_21902#0
04-13 19:01:26.411 24958 21951 V FA-SVC  : Scheduling upload, millis: 1628586
04-13 19:01:26.412 24958 21951 V FA-SVC  : Background event processing time, ms: 16
04-13 19:01:26.412   963  2928 V WindowManager: Changing focus from null to Window{845dff9 u0 com.example.lascosasquenovemos/androidx.test.core.app.InstrumentationActivityInvoker$EmptyActivity} displayId=0 Callers=com.android.server.wm.RootWindowContainer.updateFocusedWindowLocked:204 com.android.server.wm.WindowManagerService.updateFocusedWindowLocked:6458 com.android.server.wm.WindowManagerService.relayoutWindow:2618 com.android.server.wm.Session.relayout:202 android.view.IWindowSession$Stub.onTransact:716 com.android.server.wm.Session.onTransact:142
04-13 19:01:26.413   963  1049 D WindowManager: setSystemUiVisibility: displayId=0, vis=0x8018, fullVis=0x0, dockVis=0x0, win=Window{845dff9 u0 com.example.lascosasquenovemos/androidx.test.core.app.InstrumentationActivityInvoker$EmptyActivity}
04-13 19:01:26.414   963  2928 V WindowManager: Relayout 21902: mAttrs={(0,0)(fillxfill) sim={adjust=pan forwardNavigation} ty=BASE_APPLICATION wanim=0x1030001
04-13 19:01:26.414   963  2928 V WindowManager:   fl=1810100
04-13 19:01:26.414   963  2928 V WindowManager:   pfl=10020000
04-13 19:01:26.414   963  2928 V WindowManager:   vsysui=10 naviIconColor=0}, display=0
04-13 19:01:26.415   963  1051 I WindowManager: Focus moving from null to Window{845dff9 u0 com.example.lascosasquenovemos/androidx.test.core.app.InstrumentationActivityInvoker$EmptyActivity} displayId=0
04-13 19:01:26.415   963  1051 I WindowManager: Gaining focus: Window{845dff9 u0 com.example.lascosasquenovemos/androidx.test.core.app.InstrumentationActivityInvoker$EmptyActivity}
04-13 19:01:26.416 21902 21902 I ViewRootImpl@4eb9f0a[InstrumentationActivityInvoker$EmptyActivity]: Relayout returned: old=(0,0,1080,2220) new=(0,0,1080,2220) req=(1080,2220)0 dur=9 res=0x7 s={true 512267382784} ch=true
04-13 19:01:26.419 21902 21952 I mali_winsys: new_window_surface() [1080x2220] return: 0x3000
04-13 19:01:26.426  2201 20648 W NetworkScheduler: Error inserting flex_time=1628000 job_id=-1 period=3258000 source=16 requires_charging=0 preferred_network_type=1 target_class=com.google.android.gms.measurement.PackageMeasurementTaskService user_id=0 target_package=com.google.android.gms tag=Measurement.PackageMeasurementTaskService.UPLOAD_TASK_TAG task_type=0 required_idleness_state=0 service_kind=0 source_version=220920000 persistence_level=1 preferred_charging_state=1 required_network_type=0 runtime=1649869286421 retry_strategy={"maximum_backoff_seconds":{"3600":0},"initial_backoff_seconds":{"30":0},"retry_policy":{"0":0}} last_runtime=0, error message: UNIQUE constraint failed: pending_ops.tag, pending_ops.target_class, pending_ops.target_package, pending_ops.user_id (code 2067 SQLITE_CONSTRAINT_UNIQUE[2067]) [CONTEXT service_id=218 ]
04-13 19:01:26.434 24958 21951 V FA-SVC  : Logging event: origin=auto,name=screen_view(_vs),params=Bundle[{ga_event_origin(_o)=auto, ga_previous_class(_pc)=CrearTematicaVista, ga_previous_id(_pi)=-737939500522848627, ga_screen_class(_sc)=EmptyActivity, ga_screen_id(_si)=-737939500522848626}]
04-13 19:01:26.441 24958 21951 V FA-SVC  : Upload scheduled in approximately ms: 1628554
04-13 19:01:26.442 24958 21951 V FA-SVC  : Unscheduling upload
04-13 19:01:26.443 24958 21951 V FA-SVC  : Scheduling upload, millis: 1628554
04-13 19:01:26.444 24958 21951 V FA-SVC  : Background event processing time, ms: 10
04-13 19:01:26.450  2201 21547 W NetworkScheduler: Error inserting flex_time=1628000 job_id=-1 period=3258000 source=16 requires_charging=0 preferred_network_type=1 target_class=com.google.android.gms.measurement.PackageMeasurementTaskService user_id=0 target_package=com.google.android.gms tag=Measurement.PackageMeasurementTaskService.UPLOAD_TASK_TAG task_type=0 required_idleness_state=0 service_kind=0 source_version=220920000 persistence_level=1 preferred_charging_state=1 required_network_type=0 runtime=1649869286447 retry_strategy={"maximum_backoff_seconds":{"3600":0},"initial_backoff_seconds":{"30":0},"retry_policy":{"0":0}} last_runtime=0, error message: UNIQUE constraint failed: pending_ops.tag, pending_ops.target_class, pending_ops.target_package, pending_ops.user_id (code 2067 SQLITE_CONSTRAINT_UNIQUE[2067]) [CONTEXT service_id=218 ]
04-13 19:01:26.463   963  2928 D WindowManager: finishDrawingWindow: Window{845dff9 u0 com.example.lascosasquenovemos/androidx.test.core.app.InstrumentationActivityInvoker$EmptyActivity} mDrawState=DRAW_PENDING
04-13 19:01:26.470   963  1052 D PkgPredictorService: pkg:com.example.lascosasquenovemos activity:androidx.test.core.app.InstrumentationActivityInvoker$EmptyActivity thisTime:-1
04-13 19:01:26.477 21902 21902 I ViewRootImpl@4eb9f0a[InstrumentationActivityInvoker$EmptyActivity]: MSG_WINDOW_FOCUS_CHANGED 1 1
04-13 19:01:26.478 21902 21902 D InputMethodManager: prepareNavigationBarInfo() DecorView@305e9bd[InstrumentationActivityInvoker$EmptyActivity]
04-13 19:01:26.478 21902 21902 D InputMethodManager: getNavigationBarColor() -855310
04-13 19:01:26.480   963  4174 D InputDispatcher: Focus entered window (21902): 845dff9 in display 0 0
04-13 19:01:26.480 21902 21902 D InputMethodManager: prepareNavigationBarInfo() DecorView@305e9bd[InstrumentationActivityInvoker$EmptyActivity]
04-13 19:01:26.480 21902 21902 D InputMethodManager: getNavigationBarColor() -855310
04-13 19:01:26.480 21902 21902 V InputMethodManager: Starting input: tba=com.example.lascosasquenovemos ic=null mNaviBarColor -855310 mIsGetNaviBarColorSuccess true , NavVisible : true , NavTrans : false
04-13 19:01:26.481  2959  2972 W System  : A resource failed to call close.
04-13 19:01:26.481 21902 21902 D InputMethodManager: startInputInner - Id : 0
04-13 19:01:26.481 21902 21902 I InputMethodManager: startInputInner - mService.startInputOrWindowGainedFocus
04-13 19:01:26.482  2959  2972 W System  : A resource failed to call close.
04-13 19:01:26.483  2959  2972 W System  : A resource failed to call close.
04-13 19:01:26.483   963  2928 D InputMethodManagerService: mSecureKeypadEnabled = false
04-13 19:01:26.483  2959  2972 W System  : A resource failed to call close.
04-13 19:01:26.483   963  2928 V InputMethodManagerService: hideCurrentInputLocked : shouldHideSoftInput is false
04-13 19:01:26.483   963  2928 D InputMethodManagerService: DESKTOP MODE! : 2
04-13 19:01:26.483   963  2928 D InputMethodManagerService: NOT IN KNOX DESKTOP MODE!
04-13 19:01:26.483   963  2928 V InputMethodManagerService: getDisplayIdOfInputMethodWindowToBeAdded : 0
04-13 19:01:26.483   963  2928 D InputMethodManagerService: checkDisplayOfStartInputAndUpdateKeyboard display Id 0last 0
04-13 19:01:26.483   963  2928 D InputTransport: Input channel constructed: 'ClientS', fd=652
04-13 19:01:26.483   963  2928 D InputTransport: Input channel destroyed: 'ClientS', fd=652
04-13 19:01:26.484 21902 21902 D InputTransport: Input channel destroyed: 'ClientS', fd=97
04-13 19:01:26.485 21902 21902 I ViewRootImpl@4eb9f0a[InstrumentationActivityInvoker$EmptyActivity]: MSG_RESIZED: frame=(0,0,1080,2220) ci=(0,72,0,144) vi=(0,72,0,144) or=1
04-13 19:01:26.485 24790 24790 I GoogleInputMethodService: GoogleInputMethodService.onFinishInput():3182
04-13 19:01:26.488 24790 24790 I GoogleInputMethodService: GoogleInputMethodService.updateDeviceLockedStatus():2077 checkRepeatedly = false, unlocked = true
04-13 19:01:26.488 24790 24790 D InputMethodService: checkDisplayOfStartInputAndUpdateKeyboard display Id 0last 0
04-13 19:01:26.489 24790 24790 I GoogleInputMethodService: GoogleInputMethodService.onStartInput():1885 onStartInput(EditorInfo{inputType=0x0(NULL) imeOptions=0x0 privateImeOptions=null actionName=UNSPECIFIED actionLabel=null actionId=0 initialSelStart=-1 initialSelEnd=-1 initialCapsMode=0x0 hintText=null label=null packageName=com.example.lascosasquenovemos fieldId=-1 fieldName=null extras=Bundle[{NaviColor=-855310, Navbar_Color=-855310, displayId=0, NavbarColor_Success=true, Navbar_Visible=true, Navbar_Transparent=false}]}, false)
04-13 19:01:26.489   510  1854 I SurfaceFlinger: id=312765 createSurf (0x0),-1 flag=80004, AppWindowToken{6501fee token=Token{e61b969 ActivityRecord{91a2ff0 u0 com.example.lascosasquenovemos/androidx.test.core.app.InstrumentationActivityInvoker$EmptyActivity t2156}}}#0
04-13 19:01:26.490 24790 24790 I GoogleInputMethodService: GoogleInputMethodService.updateDeviceLockedStatus():2077 checkRepeatedly = true, unlocked = true
04-13 19:01:26.492   510   510 I SurfaceFlinger: Display 0 HWC layers:
04-13 19:01:26.492   510   510 I SurfaceFlinger:     type    |    handle    | flag |  format   |   source crop (l,t,r,b)    |         frame       | name
04-13 19:01:26.492   510   510 I SurfaceFlinger: ------------+--------------+------+-----------+----------------------------+---------------------+------
04-13 19:01:26.492   510   510 I SurfaceFlinger:      DEVICE | 0x70b7a255c0 | 0002 | RGBA_8888 |   0.0    0.0 1080.0 2220.0 |    0    0 1080 2220 | com.example.lascosasquenovemos/andro[...]tivityInvoker$EmptyActivity$_21902#0
04-13 19:01:26.492   510   510 I SurfaceFlinger:      DEVICE | 0x709f9511c0 | 0000 | RGBA_8888 |   0.0    0.0 1080.0   72.0 |    0    0 1080   72 | StatusBar$_1402#0
04-13 19:01:26.492   510   510 I SurfaceFlinger:      DEVICE | 0x70b7a25c00 | 0000 | RGBA_8888 |   0.0    0.0   67.0  424.0 | 1013  240 1080  664 | com.samsung.android.app.cocktailbars[...]rservice.CocktailBarService$_12109#0
04-13 19:01:26.492   510   510 I SurfaceFlinger:      DEVICE | 0x70b7a22a00 | 0000 | RGBA_8888 |   0.0    0.0 1080.0  144.0 |    0 2076 1080 2220 | NavigationBar0$_1402#0
04-13 19:01:26.492   510   510 I SurfaceFlinger:
04-13 19:01:26.499 21902 21952 I mali_egl: eglDestroySurface() in
04-13 19:01:26.500 21902 21952 I mali_winsys: delete_surface() [1080x2220] return
04-13 19:01:26.500 21902 21952 I mali_egl: eglDestroySurface() out
04-13 19:01:26.500   510   564 E BufferQueueProducer: [com.example.lascosasquenovemos/com.example.lascosasquenovemos.view.CrearTematicaVista$_21902#0] disconnect: not connected (req=1)
04-13 19:01:26.501 21902 21952 W libEGL  : EGLNativeWindowType 0x7744a55710 disconnect failed
04-13 19:01:26.501   963  2928 V WindowManager: Relayout Window{2f82af4 u0 com.example.lascosasquenovemos/com.example.lascosasquenovemos.view.CrearTematicaVista}: viewVisibility=8 req=1080x2220
04-13 19:01:26.504   963  2928 V WindowManager: Relayout 21902: mAttrs={(0,0)(fillxfill) sim={adjust=pan forwardNavigation} ty=BASE_APPLICATION wanim=0x1030305
04-13 19:01:26.504   963  2928 V WindowManager:   fl=81810100
04-13 19:01:26.504   963  2928 V WindowManager:   pfl=10020000
04-13 19:01:26.504   963  2928 V WindowManager:   vsysui=10 naviIconColor=0}, display=0
04-13 19:01:26.506 21902 21902 I ViewRootImpl@d9451c4[CrearTematicaVista]: Relayout returned: old=(0,0,1080,2220) new=(0,0,1080,2220) req=(1080,2220)8 dur=5 res=0x5 s={false 0} ch=true
04-13 19:01:26.508 21902 21902 D LifecycleMonitor: Lifecycle status change: androidx.test.core.app.InstrumentationActivityInvoker$EmptyActivity@4fbbb67 in: PAUSED
04-13 19:01:26.509 21902 21902 V ActivityScenario: Activity lifecycle changed event received but ignored because the intent does not match. startActivityIntent=Intent { act=android.intent.action.MAIN cat=[android.intent.category.LAUNCHER] cmp=com.example.lascosasquenovemos/.view.CrearTematicaVista }, activity.getIntent()=Intent { act=android.intent.action.MAIN cat=[android.intent.category.LAUNCHER] flg=0x10000000 cmp=com.example.lascosasquenovemos/androidx.test.core.app.InstrumentationActivityInvoker$EmptyActivity }, activity=androidx.test.core.app.InstrumentationActivityInvoker$EmptyActivity@4fbbb67
04-13 19:01:26.510 21902 21944 V FA      : Screen exposed for less than 1000 ms. Event not sent. time: 122
04-13 19:01:26.512 21902 21944 V FA      : Activity paused, time: 1153553294
04-13 19:01:26.512 12109 26928 I TrayUsageStatesWatcher: notePauseComponent : ComponentInfo{com.example.lascosasquenovemos/androidx.test.core.app.InstrumentationActivityInvoker$EmptyActivity}, 4
04-13 19:01:26.514   963  2928 V WindowOrientationListener: getProposedRotation: -1
04-13 19:01:26.516   963  2928 D InputDispatcher: Focused application set to (0): 6501fee
04-13 19:01:26.516   963  2928 V WindowManager: Changing focus from Window{845dff9 u0 com.example.lascosasquenovemos/androidx.test.core.app.InstrumentationActivityInvoker$EmptyActivity} to null displayId=0 Callers=com.android.server.wm.RootWindowContainer.updateFocusedWindowLocked:204 com.android.server.wm.WindowManagerService.updateFocusedWindowLocked:6458 com.android.server.wm.ActivityDisplay.setFocusedApp:1686 com.android.server.wm.ActivityTaskManagerService.setResumedActivityUncheckLocked:6980 com.android.server.wm.ActivityStack.onActivityStateChanged:664 com.android.server.wm.TaskRecord.onActivityStateChanged:2425
04-13 19:01:26.524 21902 21902 D LifecycleMonitor: Lifecycle status change: androidx.test.core.app.InstrumentationActivityInvoker$BootstrapActivity@456aae in: DESTROYED
04-13 19:01:26.524 21902 21902 V ActivityScenario: Activity lifecycle changed event received but ignored because the intent does not match. startActivityIntent=Intent { act=android.intent.action.MAIN cat=[android.intent.category.LAUNCHER] cmp=com.example.lascosasquenovemos/.view.CrearTematicaVista }, activity.getIntent()=Intent { act=android.intent.action.MAIN cat=[android.intent.category.LAUNCHER] flg=0x10008000 cmp=com.example.lascosasquenovemos/androidx.test.core.app.InstrumentationActivityInvoker$BootstrapActivity (has extras) }, activity=androidx.test.core.app.InstrumentationActivityInvoker$BootstrapActivity@456aae
04-13 19:01:26.525 21902 21902 W ActivityThread: handleWindowVisibility: no activity for token android.os.BinderProxy@f52ee29
04-13 19:01:26.528   510   564 I Layer   : id=312748 removeFromCurrentState AppWindowToken{331bd9c token=Token{5e1a90f ActivityRecord{2871e6e u0 com.example.lascosasquenovemos/androidx.test.core.app.InstrumentationActivityInvoker$BootstrapActivity t2156}}}#0 (68)
04-13 19:01:26.529   510  1854 I SurfaceFlinger: id=312748 Removed AppWindowToken{331bd9c token=Token{5e1a90f ActivityRecord{2871e6e u0 com.example.lascosasquenovemos/androidx.test.core.app.InstrumentationActivityInvoker$BootstrapActivity t2156}}}#0 (68)
04-13 19:01:26.531   963  1051 I WindowManager: Focus moving from Window{845dff9 u0 com.example.lascosasquenovemos/androidx.test.core.app.InstrumentationActivityInvoker$EmptyActivity} to null displayId=0
04-13 19:01:26.531   963  1051 I WindowManager: Losing focus: Window{845dff9 u0 com.example.lascosasquenovemos/androidx.test.core.app.InstrumentationActivityInvoker$EmptyActivity}
04-13 19:01:26.531 21902 21902 D LifecycleMonitor: Lifecycle status change: androidx.test.core.app.InstrumentationActivityInvoker$EmptyActivity@79615ae in: PRE_ON_CREATE
04-13 19:01:26.532 21902 21902 V ActivityScenario: Activity lifecycle changed event received but ignored because the intent does not match. startActivityIntent=Intent { act=android.intent.action.MAIN cat=[android.intent.category.LAUNCHER] cmp=com.example.lascosasquenovemos/.view.CrearTematicaVista }, activity.getIntent()=Intent { act=android.intent.action.MAIN cat=[android.intent.category.LAUNCHER] flg=0x10000000 cmp=com.example.lascosasquenovemos/androidx.test.core.app.InstrumentationActivityInvoker$EmptyActivity }, activity=androidx.test.core.app.InstrumentationActivityInvoker$EmptyActivity@79615ae
04-13 19:01:26.534 21902 21939 V FA      : onActivityCreated
04-13 19:01:26.535 12109 26928 I TrayUsageStatesWatcher: noteResumeComponent : ComponentInfo{com.example.lascosasquenovemos/androidx.test.core.app.InstrumentationActivityInvoker$EmptyActivity}, 4
04-13 19:01:26.540 21902 21902 D PhoneWindow: forceLight changed to true [] from com.android.internal.policy.PhoneWindow.updateForceLightNavigationBar:4274 com.android.internal.policy.DecorView.updateColorViews:1547 com.android.internal.policy.PhoneWindow.dispatchWindowAttributesChanged:3252 android.view.Window.setFlags:1153 com.android.internal.policy.PhoneWindow.generateLayout:2474
04-13 19:01:26.541 21902 21902 I MultiWindowDecorSupport: [INFO] isPopOver = false
04-13 19:01:26.541 21902 21902 I MultiWindowDecorSupport: updateCaptionType >> DecorView@d91a6dc[], isFloating: false, isApplication: true, hasWindowDecorCaption: false, hasWindowControllerCallback: true
04-13 19:01:26.541 21902 21902 D MultiWindowDecorSupport: setCaptionType = 0, DecorView = DecorView@d91a6dc[]
04-13 19:01:26.545   510   510 I Layer   : id=312748[1] Destroyed AppWindowToken{331bd9c token=Token{5e1a90f ActivityRecord{2871e6e u0 com.example.lascosasquenovemos/androidx.test.core.app.InstrumentationActivityInvoker$BootstrapActivity t2156}}}#0
04-13 19:01:26.545   963  2928 D InputDispatcher: Focus left window (21902): 845dff9 in display 0 0
04-13 19:01:26.546 21902 21902 D LifecycleMonitor: Lifecycle status change: androidx.test.core.app.InstrumentationActivityInvoker$EmptyActivity@79615ae in: CREATED
04-13 19:01:26.547 21902 21902 V ActivityScenario: Activity lifecycle changed event received but ignored because the intent does not match. startActivityIntent=Intent { act=android.intent.action.MAIN cat=[android.intent.category.LAUNCHER] cmp=com.example.lascosasquenovemos/.view.CrearTematicaVista }, activity.getIntent()=Intent { act=android.intent.action.MAIN cat=[android.intent.category.LAUNCHER] flg=0x10000000 cmp=com.example.lascosasquenovemos/androidx.test.core.app.InstrumentationActivityInvoker$EmptyActivity }, activity=androidx.test.core.app.InstrumentationActivityInvoker$EmptyActivity@79615ae
04-13 19:01:26.550 21902 21902 D LifecycleMonitor: Lifecycle status change: androidx.test.core.app.InstrumentationActivityInvoker$EmptyActivity@79615ae in: STARTED
04-13 19:01:26.551 21902 21902 V ActivityScenario: Activity lifecycle changed event received but ignored because the intent does not match. startActivityIntent=Intent { act=android.intent.action.MAIN cat=[android.intent.category.LAUNCHER] cmp=com.example.lascosasquenovemos/.view.CrearTematicaVista }, activity.getIntent()=Intent { act=android.intent.action.MAIN cat=[android.intent.category.LAUNCHER] flg=0x10000000 cmp=com.example.lascosasquenovemos/androidx.test.core.app.InstrumentationActivityInvoker$EmptyActivity }, activity=androidx.test.core.app.InstrumentationActivityInvoker$EmptyActivity@79615ae
04-13 19:01:26.552 21902 21944 V FA      : Activity resumed, time: 1153553337
04-13 19:01:26.553 21902 21902 D LifecycleMonitor: Lifecycle status change: androidx.test.core.app.InstrumentationActivityInvoker$EmptyActivity@79615ae in: RESUMED
04-13 19:01:26.553 21902 21902 V ActivityScenario: Activity lifecycle changed event received but ignored because the intent does not match. startActivityIntent=Intent { act=android.intent.action.MAIN cat=[android.intent.category.LAUNCHER] cmp=com.example.lascosasquenovemos/.view.CrearTematicaVista }, activity.getIntent()=Intent { act=android.intent.action.MAIN cat=[android.intent.category.LAUNCHER] flg=0x10000000 cmp=com.example.lascosasquenovemos/androidx.test.core.app.InstrumentationActivityInvoker$EmptyActivity }, activity=androidx.test.core.app.InstrumentationActivityInvoker$EmptyActivity@79615ae
04-13 19:01:26.558   963  2928 D InputTransport: Input channel constructed: 'd7cf1b4', fd=652
04-13 19:01:26.558   963  2928 D InputTransport: Input channel constructed: 'd7cf1b4', fd=653
04-13 19:01:26.558   510  1854 I SurfaceFlinger: id=312766 createSurf (0x0),-1 flag=80004, d7cf1b4 com.example.lascosasquenovemos/androidx.test.core.app.InstrumentationActivityInvoker$EmptyActivity#0
04-13 19:01:26.559   963  2928 D InputTransport: Input channel destroyed: 'd7cf1b4', fd=653
04-13 19:01:26.560 21902 21902 I ViewRootImpl@ef4b16b[InstrumentationActivityInvoker$EmptyActivity]: setView = com.android.internal.policy.DecorView@d91a6dc TM=true MM=false
04-13 19:01:26.562 21902 21902 I ViewRootImpl@d9451c4[CrearTematicaVista]: stopped(true) old=false
04-13 19:01:26.564 21902 21902 D LifecycleMonitor: Lifecycle status change: com.example.lascosasquenovemos.view.CrearTematicaVista@e0df836 in: STOPPED
04-13 19:01:26.564 21902 21902 V ActivityScenario: Update currentActivityStage to STOPPED, currentActivity=com.example.lascosasquenovemos.view.CrearTematicaVista@e0df836
04-13 19:01:26.572 21902 21902 D LifecycleMonitor: Lifecycle status change: com.example.lascosasquenovemos.view.CrearTematicaVista@e0df836 in: DESTROYED
04-13 19:01:26.573 21902 21902 V ActivityScenario: Update currentActivityStage to DESTROYED, currentActivity=null
04-13 19:01:26.576 21902 21902 I ViewRootImpl@d9451c4[CrearTematicaVista]: dispatchDetachedFromWindow
04-13 19:01:26.576   963  2928 D InputTransport: Input channel destroyed: '2f82af4', fd=651
04-13 19:01:26.580   510  1854 I Layer   : id=312760 removeFromCurrentState com.example.lascosasquenovemos/com.example.lascosasquenovemos.view.CrearTematicaVista$_21902#0 (68)
04-13 19:01:26.580   510  1854 I SurfaceFlinger: id=312760 Removed com.example.lascosasquenovemos/com.example.lascosasquenovemos.view.CrearTematicaVista$_21902#0 (68)
04-13 19:01:26.582   510  1854 I Layer   : id=312759 removeFromCurrentState 2f82af4 com.example.lascosasquenovemos/com.example.lascosasquenovemos.view.CrearTematicaVista#0 (68)
04-13 19:01:26.582 21902 21902 D InputTransport: Input channel destroyed: '2f82af4', fd=76
04-13 19:01:26.582   510  1854 I SurfaceFlinger: id=312759 Removed 2f82af4 com.example.lascosasquenovemos/com.example.lascosasquenovemos.view.CrearTematicaVista#0 (68)
04-13 19:01:26.583 21902 21902 I ViewRootImpl@4eb9f0a[InstrumentationActivityInvoker$EmptyActivity]: MSG_WINDOW_FOCUS_CHANGED 0 1
04-13 19:01:26.583 21902 21902 D InputMethodManager: prepareNavigationBarInfo() DecorView@305e9bd[InstrumentationActivityInvoker$EmptyActivity]
04-13 19:01:26.583 21902 21902 D InputMethodManager: getNavigationBarColor() -855310
04-13 19:01:26.585   510  1854 I Layer   : id=312758 removeFromCurrentState AppWindowToken{fce7bdf token=Token{acb3a7e ActivityRecord{6656439 u0 com.example.lascosasquenovemos/.view.CrearTematicaVista t2156}}}#0 (68)
04-13 19:01:26.586   510  1854 I SurfaceFlinger: id=312758 Removed AppWindowToken{fce7bdf token=Token{acb3a7e ActivityRecord{6656439 u0 com.example.lascosasquenovemos/.view.CrearTematicaVista t2156}}}#0 (68)
04-13 19:01:26.589   963  2928 V WindowManager: Relayout Window{d7cf1b4 u0 com.example.lascosasquenovemos/androidx.test.core.app.InstrumentationActivityInvoker$EmptyActivity}: viewVisibility=0 req=1080x2220
04-13 19:01:26.592   510   564 I SurfaceFlinger: id=312767 createSurf (1080x2220),1 flag=404, com.example.lascosasquenovemos/androidx.test.core.app.InstrumentationActivityInvoker$EmptyActivity$_21902#1
04-13 19:01:26.593   963  2928 V WindowManager: Changing focus from null to Window{d7cf1b4 u0 com.example.lascosasquenovemos/androidx.test.core.app.InstrumentationActivityInvoker$EmptyActivity} displayId=0 Callers=com.android.server.wm.RootWindowContainer.updateFocusedWindowLocked:204 com.android.server.wm.WindowManagerService.updateFocusedWindowLocked:6458 com.android.server.wm.WindowManagerService.relayoutWindow:2618 com.android.server.wm.Session.relayout:202 android.view.IWindowSession$Stub.onTransact:716 com.android.server.wm.Session.onTransact:142
04-13 19:01:26.593   963  1049 D WindowManager: setSystemUiVisibility: displayId=0, vis=0x8018, fullVis=0x0, dockVis=0x0, win=Window{d7cf1b4 u0 com.example.lascosasquenovemos/androidx.test.core.app.InstrumentationActivityInvoker$EmptyActivity}
04-13 19:01:26.594   963  1051 I WindowManager: Focus moving from null to Window{d7cf1b4 u0 com.example.lascosasquenovemos/androidx.test.core.app.InstrumentationActivityInvoker$EmptyActivity} displayId=0
04-13 19:01:26.595   963  1051 I WindowManager: Gaining focus: Window{d7cf1b4 u0 com.example.lascosasquenovemos/androidx.test.core.app.InstrumentationActivityInvoker$EmptyActivity}
04-13 19:01:26.595   963  2928 V WindowManager: Relayout 21902: mAttrs={(0,0)(fillxfill) sim={adjust=pan forwardNavigation} ty=BASE_APPLICATION wanim=0x1030001
04-13 19:01:26.595   963  2928 V WindowManager:   fl=1810100
04-13 19:01:26.595   963  2928 V WindowManager:   pfl=10020000
04-13 19:01:26.595   963  2928 V WindowManager:   vsysui=10 naviIconColor=0}, display=0
04-13 19:01:26.595   510   510 I Layer   : id=312758[1] Destroyed AppWindowToken{fce7bdf token=Token{acb3a7e ActivityRecord{6656439 u0 com.example.lascosasquenovemos/.view.CrearTematicaVista t2156}}}#0
04-13 19:01:26.595   510   510 I Layer   : id=312759[1] Destroyed 2f82af4 com.example.lascosasquenovemos/com.example.lascosasquenovemos.view.CrearTematicaVista#0
04-13 19:01:26.595   510   510 I Layer   : id=312760[1] Destroyed com.example.lascosasquenovemos/com.example.lascosasquenovemos.view.CrearTematicaVista$_21902#0
04-13 19:01:26.596 24958 21951 V FA-SVC  : Logging event: origin=auto,name=screen_view(_vs),params=Bundle[{ga_event_origin(_o)=auto, ga_previous_class(_pc)=EmptyActivity, ga_previous_id(_pi)=-737939500522848626, ga_screen_class(_sc)=EmptyActivity, ga_screen_id(_si)=-737939500522848625}]
04-13 19:01:26.597 21902 21902 I ViewRootImpl@ef4b16b[InstrumentationActivityInvoker$EmptyActivity]: Relayout returned: old=(0,0,1080,2220) new=(0,0,1080,2220) req=(1080,2220)0 dur=8 res=0x7 s={true 512264994816} ch=true
04-13 19:01:26.599 21902 21952 I mali_winsys: new_window_surface() [1080x2220] return: 0x3000
04-13 19:01:26.608 24958 21951 V FA-SVC  : Upload scheduled in approximately ms: 1628387
04-13 19:01:26.608 24958 21951 V FA-SVC  : Unscheduling upload
04-13 19:01:26.609   963  2928 D WindowManager: finishDrawingWindow: Window{d7cf1b4 u0 com.example.lascosasquenovemos/androidx.test.core.app.InstrumentationActivityInvoker$EmptyActivity} mDrawState=DRAW_PENDING
04-13 19:01:26.611 24958 21951 V FA-SVC  : Scheduling upload, millis: 1628387
04-13 19:01:26.612 24958 21951 V FA-SVC  : Background event processing time, ms: 16
04-13 19:01:26.612   963  1052 D PkgPredictorService: pkg:com.example.lascosasquenovemos activity:androidx.test.core.app.InstrumentationActivityInvoker$EmptyActivity thisTime:-1
04-13 19:01:26.618 21902 21902 I ViewRootImpl@ef4b16b[InstrumentationActivityInvoker$EmptyActivity]: MSG_WINDOW_FOCUS_CHANGED 1 1
04-13 19:01:26.618 21902 21902 D InputMethodManager: prepareNavigationBarInfo() DecorView@d91a6dc[InstrumentationActivityInvoker$EmptyActivity]
04-13 19:01:26.618 21902 21902 D InputMethodManager: getNavigationBarColor() -855310
04-13 19:01:26.619  2201 20648 W NetworkScheduler: Error inserting flex_time=1628000 job_id=-1 period=3257000 source=16 requires_charging=0 preferred_network_type=1 target_class=com.google.android.gms.measurement.PackageMeasurementTaskService user_id=0 target_package=com.google.android.gms tag=Measurement.PackageMeasurementTaskService.UPLOAD_TASK_TAG task_type=0 required_idleness_state=0 service_kind=0 source_version=220920000 persistence_level=1 preferred_charging_state=1 required_network_type=0 runtime=1649869286616 retry_strategy={"maximum_backoff_seconds":{"3600":0},"initial_backoff_seconds":{"30":0},"retry_policy":{"0":0}} last_runtime=0, error message: UNIQUE constraint failed: pending_ops.tag, pending_ops.target_class, pending_ops.target_package, pending_ops.user_id (code 2067 SQLITE_CONSTRAINT_UNIQUE[2067]) [CONTEXT service_id=218 ]
04-13 19:01:26.620 21902 21902 D InputMethodManager: prepareNavigationBarInfo() DecorView@d91a6dc[InstrumentationActivityInvoker$EmptyActivity]
04-13 19:01:26.620 21902 21902 D InputMethodManager: getNavigationBarColor() -855310
04-13 19:01:26.620 21902 21902 V InputMethodManager: Starting input: tba=com.example.lascosasquenovemos ic=null mNaviBarColor -855310 mIsGetNaviBarColorSuccess true , NavVisible : true , NavTrans : false
04-13 19:01:26.620 21902 21902 D InputMethodManager: startInputInner - Id : 0
04-13 19:01:26.620 21902 21902 I InputMethodManager: startInputInner - mService.startInputOrWindowGainedFocus
04-13 19:01:26.621   963  4174 D InputMethodManagerService: mSecureKeypadEnabled = false
04-13 19:01:26.621   963  4174 V InputMethodManagerService: hideCurrentInputLocked : shouldHideSoftInput is false
04-13 19:01:26.621   963  4174 D InputMethodManagerService: DESKTOP MODE! : 2
04-13 19:01:26.621   963  4174 D InputMethodManagerService: NOT IN KNOX DESKTOP MODE!
04-13 19:01:26.621   963  4174 V InputMethodManagerService: getDisplayIdOfInputMethodWindowToBeAdded : 0
04-13 19:01:26.622   963  4174 D InputMethodManagerService: checkDisplayOfStartInputAndUpdateKeyboard display Id 0last 0
04-13 19:01:26.622   963  4174 D InputTransport: Input channel constructed: 'ClientS', fd=651
04-13 19:01:26.622   963  4174 D InputTransport: Input channel destroyed: 'ClientS', fd=651
04-13 19:01:26.622 21902 21902 D InputTransport: Input channel destroyed: 'ClientS', fd=103
04-13 19:01:26.622 21902 21902 I ViewRootImpl@ef4b16b[InstrumentationActivityInvoker$EmptyActivity]: MSG_RESIZED: frame=(0,0,1080,2220) ci=(0,72,0,144) vi=(0,72,0,144) or=1
04-13 19:01:26.623 24790 24790 I GoogleInputMethodService: GoogleInputMethodService.onFinishInput():3182
04-13 19:01:26.626 24790 24790 I GoogleInputMethodService: GoogleInputMethodService.updateDeviceLockedStatus():2077 checkRepeatedly = false, unlocked = true
04-13 19:01:26.626 24790 24790 D InputMethodService: checkDisplayOfStartInputAndUpdateKeyboard display Id 0last 0
04-13 19:01:26.626   963  2928 D InputDispatcher: Focused application set to (0): dd66828
04-13 19:01:26.627   963  2928 V WindowManager: Changing focus from Window{d7cf1b4 u0 com.example.lascosasquenovemos/androidx.test.core.app.InstrumentationActivityInvoker$EmptyActivity} to null displayId=0 Callers=com.android.server.wm.RootWindowContainer.updateFocusedWindowLocked:204 com.android.server.wm.WindowManagerService.updateFocusedWindowLocked:6458 com.android.server.wm.ActivityDisplay.setFocusedApp:1686 com.android.server.wm.ActivityTaskManagerService.setResumedActivityUncheckLocked:6980 com.android.server.wm.ActivityStack.adjustFocusedActivityStack:4470 com.android.server.wm.ActivityStack.finishActivityLocked:4839
04-13 19:01:26.627 24790 24790 I GoogleInputMethodService: GoogleInputMethodService.onStartInput():1885 onStartInput(EditorInfo{inputType=0x0(NULL) imeOptions=0x0 privateImeOptions=null actionName=UNSPECIFIED actionLabel=null actionId=0 initialSelStart=-1 initialSelEnd=-1 initialCapsMode=0x0 hintText=null label=null packageName=com.example.lascosasquenovemos fieldId=-1 fieldName=null extras=Bundle[{NaviColor=-855310, Navbar_Color=-855310, displayId=0, NavbarColor_Success=true, Navbar_Visible=true, Navbar_Transparent=false}]}, false)
04-13 19:01:26.628 24790 24790 I GoogleInputMethodService: GoogleInputMethodService.updateDeviceLockedStatus():2077 checkRepeatedly = true, unlocked = true
04-13 19:01:26.629   963   997 D InputDispatcher: Focus entered window (21902): d7cf1b4 in display 0 0
04-13 19:01:26.630  1402  1402 D DividerPanelController: showDividerPanelView - isVisible : false, isAnimate : false, isTransient : false
04-13 19:01:26.630  1402  1402 D DividerPanelView: updateDividerPanelVisibility - isVisible : false
04-13 19:01:26.632 21902 21952 I mali_egl: eglDestroySurface() in
04-13 19:01:26.633   963  1051 I WindowManager: Focus moving from Window{d7cf1b4 u0 com.example.lascosasquenovemos/androidx.test.core.app.InstrumentationActivityInvoker$EmptyActivity} to null displayId=0
04-13 19:01:26.633   963  1051 I WindowManager: Losing focus: Window{d7cf1b4 u0 com.example.lascosasquenovemos/androidx.test.core.app.InstrumentationActivityInvoker$EmptyActivity}
04-13 19:01:26.634 21902 21952 I mali_winsys: delete_surface() [1080x2220] return
04-13 19:01:26.634 21902 21952 I mali_egl: eglDestroySurface() out
04-13 19:01:26.634   510  1854 E BufferQueueProducer: [com.example.lascosasquenovemos/androidx.test.core.app.InstrumentationActivityInvoker$EmptyActivity$_21902#0] disconnect: not connected (req=1)
04-13 19:01:26.634 21902 21952 W libEGL  : EGLNativeWindowType 0x77406c4910 disconnect failed
04-13 19:01:26.635   963  2928 V WindowManager: Relayout Window{845dff9 u0 com.example.lascosasquenovemos/androidx.test.core.app.InstrumentationActivityInvoker$EmptyActivity}: viewVisibility=8 req=1080x2220
04-13 19:01:26.637   510   510 I SurfaceFlinger: Display 0 HWC layers:
04-13 19:01:26.637   510   510 I SurfaceFlinger:     type    |    handle    | flag |  format   |   source crop (l,t,r,b)    |         frame       | name
04-13 19:01:26.637   510   510 I SurfaceFlinger: ------------+--------------+------+-----------+----------------------------+---------------------+------
04-13 19:01:26.637   510   510 I SurfaceFlinger:      DEVICE | 0x70b7a23f40 | 0002 | RGBA_8888 |   0.0    0.0 1080.0 2220.0 |    0    0 1080 2220 | com.example.lascosasquenovemos/andro[...]tivityInvoker$EmptyActivity$_21902#1
04-13 19:01:26.637   510   510 I SurfaceFlinger:      DEVICE | 0x709f9511c0 | 0000 | RGBA_8888 |   0.0    0.0 1080.0   72.0 |    0    0 1080   72 | StatusBar$_1402#0
04-13 19:01:26.637   510   510 I SurfaceFlinger:      DEVICE | 0x70b7a25c00 | 0000 | RGBA_8888 |   0.0    0.0   67.0  424.0 | 1013  240 1080  664 | com.samsung.android.app.cocktailbars[...]rservice.CocktailBarService$_12109#0
04-13 19:01:26.637   510   510 I SurfaceFlinger:      DEVICE | 0x70b7a22a00 | 0000 | RGBA_8888 |   0.0    0.0 1080.0  144.0 |    0 2076 1080 2220 | NavigationBar0$_1402#0
04-13 19:01:26.637   510   510 I SurfaceFlinger:
04-13 19:01:26.638   963  2928 V WindowManager: Relayout 21902: mAttrs={(0,0)(fillxfill) sim={adjust=pan forwardNavigation} ty=BASE_APPLICATION wanim=0x1030001
04-13 19:01:26.638   963  2928 V WindowManager:   fl=1810100
04-13 19:01:26.638   963  2928 V WindowManager:   pfl=10020000
04-13 19:01:26.638   963  2928 V WindowManager:   vsysui=10 naviIconColor=0}, display=0
04-13 19:01:26.640 21902 21902 I ViewRootImpl@4eb9f0a[InstrumentationActivityInvoker$EmptyActivity]: Relayout returned: old=(0,0,1080,2220) new=(0,0,1080,2220) req=(1080,2220)8 dur=5 res=0x5 s={false 0} ch=true
04-13 19:01:26.642 21902 21902 D LifecycleMonitor: Lifecycle status change: androidx.test.core.app.InstrumentationActivityInvoker$EmptyActivity@79615ae in: PAUSED
04-13 19:01:26.643 21902 21902 V ActivityScenario: Activity lifecycle changed event received but ignored because the intent does not match. startActivityIntent=Intent { act=android.intent.action.MAIN cat=[android.intent.category.LAUNCHER] cmp=com.example.lascosasquenovemos/.view.CrearTematicaVista }, activity.getIntent()=Intent { act=android.intent.action.MAIN cat=[android.intent.category.LAUNCHER] flg=0x10000000 cmp=com.example.lascosasquenovemos/androidx.test.core.app.InstrumentationActivityInvoker$EmptyActivity }, activity=androidx.test.core.app.InstrumentationActivityInvoker$EmptyActivity@79615ae
04-13 19:01:26.644 21902 21944 V FA      : Screen exposed for less than 1000 ms. Event not sent. time: 90
04-13 19:01:26.644 12109 26928 I TrayUsageStatesWatcher: notePauseComponent : ComponentInfo{com.example.lascosasquenovemos/androidx.test.core.app.InstrumentationActivityInvoker$EmptyActivity}, 4
04-13 19:01:26.646   963   997 D InputDispatcher: Focus left window (21902): d7cf1b4 in display 0 0
04-13 19:01:26.646 21902 21944 V FA      : Activity paused, time: 1153553428
04-13 19:01:26.647   963  2928 V WindowOrientationListener: getProposedRotation: -1
04-13 19:01:26.652 21902 21902 I ViewRootImpl@ef4b16b[InstrumentationActivityInvoker$EmptyActivity]: MSG_WINDOW_FOCUS_CHANGED 0 1
04-13 19:01:26.652 21902 21902 D InputMethodManager: prepareNavigationBarInfo() DecorView@d91a6dc[InstrumentationActivityInvoker$EmptyActivity]
04-13 19:01:26.652 21902 21902 D InputMethodManager: getNavigationBarColor() -855310
