04-13 19:01:31.715 24790 24790 I GoogleInputMethodService: GoogleInputMethodService.onStartInput():1885 onStartInput(EditorInfo{inputType=0x2c001(Normal) imeOptions=0x44000006 privateImeOptions=null actionName=DONE actionLabel=null actionId=0 initialSelStart=0 initialSelEnd=0 initialCapsMode=0x2000 hintText=null label=null packageName=com.whatsapp fieldId=2131363159 fieldName=null extras=Bundle[{androidx.core.view.inputmethod.EditorInfoCompat.CONTENT_SELECTION_HEAD=0, androidx.core.view.inputmethod.EditorInfoCompat.CONTENT_SELECTION_END=0, NaviColor=-526086, Navbar_Color=-526086, displayId=0, androidx.core.view.inputmethod.EditorInfoCompat.CONTENT_SURROUNDING_TEXT=, NavbarColor_Success=true, Navbar_Visible=true, Navbar_Transparent=false}]}, false)
04-13 19:01:31.715   510   510 I SurfaceFlinger: Display 0 HWC layers:
04-13 19:01:31.715   510   510 I SurfaceFlinger:     type    |    handle    | flag |  format   |   source crop (l,t,r,b)    |         frame       | name
04-13 19:01:31.715   510   510 I SurfaceFlinger: ------------+--------------+------+-----------+----------------------------+---------------------+------
04-13 19:01:31.715   510   510 I SurfaceFlinger:      DEVICE | 0x70b7a23a40 | 0000 | RGBA_8888 |   0.0    0.0 1080.0 2220.0 |    0    0 1080 2220 | com.whatsapp/com.whatsapp.Conversation$_22754#0
04-13 19:01:31.715   510   510 I SurfaceFlinger:      DEVICE | 0x709f9511c0 | 0000 | RGBA_8888 |   0.0    0.0 1080.0   72.0 |    0    0 1080   72 | StatusBar$_1402#0
04-13 19:01:31.715   510   510 I SurfaceFlinger:      DEVICE | 0x70b7a25c00 | 0000 | RGBA_8888 |   0.0    0.0   67.0  424.0 | 1013  240 1080  664 | com.samsung.android.app.cocktailbars[...]rservice.CocktailBarService$_12109#0
04-13 19:01:31.715   510   510 I SurfaceFlinger:      DEVICE | 0x70b7a22a00 | 0000 | RGBA_8888 |   0.0    0.0 1080.0  144.0 |    0 2076 1080 2220 | NavigationBar0$_1402#0
04-13 19:01:31.715   510   510 I SurfaceFlinger:
04-13 19:01:31.716 24790 24790 I GoogleInputMethodService: GoogleInputMethodService.updateDeviceLockedStatus():2077 checkRepeatedly = true, unlocked = true
04-13 19:01:31.721   963  1049 D CodecSolution: isMaxAspectPackageEx: com.whatsapp : true(2)
04-13 19:01:31.723 21902 21902 D LifecycleMonitor: Lifecycle status change: androidx.test.core.app.InstrumentationActivityInvoker$BootstrapActivity@152c0a8 in: DESTROYED
04-13 19:01:31.725 21902 21902 V ActivityScenario: Activity lifecycle changed event received but ignored because the intent does not match. startActivityIntent=Intent { act=android.intent.action.MAIN cat=[android.intent.category.LAUNCHER] cmp=com.example.lascosasquenovemos/.view.CrearTematicaVista }, activity.getIntent()=Intent { act=android.intent.action.MAIN cat=[android.intent.category.LAUNCHER] flg=0x10008000 cmp=com.example.lascosasquenovemos/androidx.test.core.app.InstrumentationActivityInvoker$BootstrapActivity (has extras) }, activity=androidx.test.core.app.InstrumentationActivityInvoker$BootstrapActivity@152c0a8
04-13 19:01:31.727 21902 21902 I ViewRootImpl@194865a[CrearTematicaVista]: stopped(true) old=false
04-13 19:01:31.730 21902 21902 D LifecycleMonitor: Lifecycle status change: com.example.lascosasquenovemos.view.CrearTematicaVista@8e92bb in: STOPPED
04-13 19:01:31.730 21902 21902 V ActivityScenario: Update currentActivityStage to STOPPED, currentActivity=com.example.lascosasquenovemos.view.CrearTematicaVista@8e92bb
04-13 19:01:31.732 21902 21902 D LifecycleMonitor: Lifecycle status change: com.example.lascosasquenovemos.view.CrearTematicaVista@8e92bb in: DESTROYED
04-13 19:01:31.733 21902 21902 V ActivityScenario: Update currentActivityStage to DESTROYED, currentActivity=null
04-13 19:01:31.737 21902 21902 I ViewRootImpl@194865a[CrearTematicaVista]: dispatchDetachedFromWindow
04-13 19:01:31.737   963  1241 D InputTransport: Input channel destroyed: '5f7830 ', fd=607
04-13 19:01:31.738   510   564 I Layer   : id=312798 removeFromCurrentState com.example.lascosasquenovemos/com.example.lascosasquenovemos.view.CrearTematicaVista$_21902#0 (65)
04-13 19:01:31.740   510   564 I SurfaceFlinger: id=312798 Removed com.example.lascosasquenovemos/com.example.lascosasquenovemos.view.CrearTematicaVista$_21902#0 (65)
04-13 19:01:31.743   510   564 I Layer   : id=312792 removeFromCurrentState AppWindowToken{519e794 token=Token{938dfe7 ActivityRecord{56009a6 u0 com.example.lascosasquenovemos/androidx.test.core.app.InstrumentationActivityInvoker$BootstrapActivity t2158}}}#0 (65)
04-13 19:01:31.743   510   564 I Layer   : id=312797 removeFromCurrentState 5f7830 com.example.lascosasquenovemos/com.example.lascosasquenovemos.view.CrearTematicaVista#0 (65)
04-13 19:01:31.744   510   565 I SurfaceFlinger: id=312792 Removed AppWindowToken{519e794 token=Token{938dfe7 ActivityRecord{56009a6 u0 com.example.lascosasquenovemos/androidx.test.core.app.InstrumentationActivityInvoker$BootstrapActivity t2158}}}#0 (65)
04-13 19:01:31.744 21902 21902 D InputTransport: Input channel destroyed: '5f7830 ', fd=81
04-13 19:01:31.744   510   565 I SurfaceFlinger: id=312797 Removed 5f7830 com.example.lascosasquenovemos/com.example.lascosasquenovemos.view.CrearTematicaVista#0 (65)
04-13 19:01:31.747   510   564 I Layer   : id=312795 removeFromCurrentState AppWindowToken{ac7d7e token=Token{bc5d339 ActivityRecord{c9a4f00 u0 com.example.lascosasquenovemos/.view.CrearTematicaVista t2158}}}#0 (65)
04-13 19:01:31.747   510   564 I Layer   : id=312791 removeFromCurrentState Task=2158#0 (65)
04-13 19:01:31.748   510  1365 I Layer   : id=312790 removeFromCurrentState animation background stackId=4034#0 (65)
04-13 19:01:31.748   510  1365 I SurfaceFlinger: id=312790 Removed animation background stackId=4034#0 (65)
04-13 19:01:31.749   510  1365 I SurfaceFlinger: id=312795 Removed AppWindowToken{ac7d7e token=Token{bc5d339 ActivityRecord{c9a4f00 u0 com.example.lascosasquenovemos/.view.CrearTematicaVista t2158}}}#0 (65)
04-13 19:01:31.751   510   564 I Layer   : id=312789 removeFromCurrentState Stack=4034#0 (65)
04-13 19:01:31.757   510   510 I Layer   : id=312798[1] Destroyed com.example.lascosasquenovemos/com.example.lascosasquenovemos.view.CrearTematicaVista$_21902#0
04-13 19:01:31.757   510   510 I Layer   : id=312797[1] Destroyed 5f7830 com.example.lascosasquenovemos/com.example.lascosasquenovemos.view.CrearTematicaVista#0
04-13 19:01:31.757   510   510 I Layer   : id=312792[1] Destroyed AppWindowToken{519e794 token=Token{938dfe7 ActivityRecord{56009a6 u0 com.example.lascosasquenovemos/androidx.test.core.app.InstrumentationActivityInvoker$BootstrapActivity t2158}}}#0
04-13 19:01:31.758   510   510 I Layer   : id=312795[1] Destroyed AppWindowToken{ac7d7e token=Token{bc5d339 ActivityRecord{c9a4f00 u0 com.example.lascosasquenovemos/.view.CrearTematicaVista t2158}}}#0
04-13 19:01:31.758   510   510 I Layer   : id=312790[1] Destroyed animation background stackId=4034#0
04-13 19:01:31.859   472   472 D audio_hw_primary: device-adev_set_parameters: enter with key(audioHDR=0)
04-13 19:01:31.932 12109 12109 I Utils   : isCurrentUser current = 0, ownerId = 0
04-13 19:01:31.933 12109 12109 I TrayVisibilityController: getComputedTrayVisible : keyguardState = 1
04-13 19:01:31.934 12109 12109 I TrayVisibilityController: updateTrayVisible: State=1 visible=1 mCurrentVisible=1 specificMode=0
04-13 19:01:31.934 12109 12109 I TrayStateController: onNotifyUpdateTray: 0 to need to visible? true
04-13 19:01:33.586 21902 21944 D FA      : Application going to the background
04-13 19:01:33.698   481   536 I display : handle_vsync_event new period (18)ms, curTimestamp=699493294134297, oldTimestamp=699493275665681
04-13 19:01:33.707 24958 21951 V FA-SVC  : Logging event: origin=auto,name=app_background(_ab),params=Bundle[{ga_event_origin(_o)=auto}]
04-13 19:01:33.710   481   536 I display : handle_vsync_event new period (14)ms, curTimestamp=699493309059104, oldTimestamp=699493294134297
04-13 19:01:33.727   481   536 I display : handle_vsync_event new period (16)ms, curTimestamp=699493325910874, oldTimestamp=699493309059104
04-13 19:01:33.756 24958 21951 V FA-SVC  : Upload scheduled in approximately ms: 1621239
04-13 19:01:33.756 24958 21951 V FA-SVC  : Unscheduling upload
04-13 19:01:33.759 24958 21951 V FA-SVC  : Scheduling upload, millis: 1621239
04-13 19:01:33.760 24958 21951 V FA-SVC  : Background event processing time, ms: 54
04-13 19:01:33.789  2201 21880 W NetworkScheduler: Error inserting flex_time=1621000 job_id=-1 period=3243000 source=16 requires_charging=0 preferred_network_type=1 target_class=com.google.android.gms.measurement.PackageMeasurementTaskService user_id=0 target_package=com.google.android.gms tag=Measurement.PackageMeasurementTaskService.UPLOAD_TASK_TAG task_type=0 required_idleness_state=0 service_kind=0 source_version=220920000 persistence_level=1 preferred_charging_state=1 required_network_type=0 runtime=1649869293781 retry_strategy={"maximum_backoff_seconds":{"3600":0},"initial_backoff_seconds":{"30":0},"retry_policy":{"0":0}} last_runtime=0, error message: UNIQUE constraint failed: pending_ops.tag, pending_ops.target_class, pending_ops.target_package, pending_ops.user_id (code 2067 SQLITE_CONSTRAINT_UNIQUE[2067]) [CONTEXT service_id=218 ]
04-13 19:01:33.971  2201  2212 I .gms.persisten: Background concurrent copying GC freed 308720(12MB) AllocSpace objects, 28(1340KB) LOS objects, 49% free, 11MB/23MB, paused 118us total 208.760ms
04-13 19:01:34.008 18092 18092 I Finsky  : [2] rfz.onStartJob(4): SCH: job service start with id 9419.
04-13 19:01:34.169 18092 18181 I Finsky  : [366234] qyi.accept(46): SCH: Scheduling phonesky job Id: 1-1337, CT: 1649855429789, Constraints: [{ L: 43190339, D: 86390339, C: 1, I: 1, N: 1 }]
04-13 19:01:34.170 18092 18181 I Finsky  : [366234] qyi.accept(46): SCH: Scheduling phonesky job Id: 12-1, CT: 1649869279154, Constraints: [{ L: 15000, D: 86400000, C: 1, I: 1, N: 1 }]
04-13 19:01:34.171 18092 18181 I Finsky  : [366234] qyi.accept(46): SCH: Scheduling phonesky job Id: 34-3513, CT: 1649840834681, Constraints: [{ L: 79199511, D: 1375199511, C: 1, I: 1, N: 1 }]
04-13 19:01:34.238 18092 18181 I Finsky  : [366234] qxw.apply(14): SCH: Scheduling 1 system job(s)
04-13 19:01:34.239 18092 18181 I Finsky  : [366234] qxw.apply(20): SCH: Scheduling system job Id: 9423, L: 0, D: 72525890, C: false, I: false, N: 1
04-13 19:01:34.260 18092 18092 I Finsky  : [2] rfz.onStartJob(4): SCH: job service start with id 9423.
04-13 19:01:34.327 18092 21740 I Finsky  : [366338] rfz.a(16): SCH: job service finished with id 9419.
04-13 19:01:34.346   963  1264 D TelephonyManager: getAllCellInfo : Caller (PID / UID / TID): 963 / 1000 / 1264
04-13 19:01:34.402 18092 21475 I Finsky  : [366335] reo.a(78): SCH: Satisfied jobs for 9423 are: 12-1
04-13 19:01:34.407 18092 21740 I Finsky  : [366338] ren.accept(50): SCH: Job 12-1 starting
04-13 19:01:34.410 18092 18092 I Finsky  : [2] ContentSyncJob.v(3): [ContentSync] job started
04-13 19:01:34.847 21902 21942 I TestRunner: finished: botonInicio(com.example.lascosasquenovemos.vistaTest.integrationTest.PruebaIntegracionCrearTematica)
